MARK6787S2 flag_custom_html_pages=true
MARK6787S2 A page_len=830
MARK6787S2 A stats={count: 4, average: 4.5, percentages: [0, 0, 0, 50, 50]} display=true
MARK6787S2 B page_len=837
MARK6787S2 B stats={count: 3, average: 3.0, percentages: [33, 0, 33, 0, 34]} display=false
MARK6787S2 C page_len=833
MARK6787S2 C stats={count: 0, average: 0.0, percentages: [0, 0, 0, 0, 0]} display=true perm=hg
MARK6787S2 A summary={count: 4, average: 4.5, percentages: [0, 0, 0, 50, 50]}
MARK6787S2 B summary=nil
MARK6787S2 C summary=nil
MARK6787S2 RENDER demo region="Customer reviews</div> <div class=\"text-4xl font-bold\"> <span data-gumroad-field=\"rating\">4.5</span> <span class=\"text-lg font-normal text-gray-600\"> out of 5 · <span data-gumroad-field=\"review-count\">4</span> reviews </span> </div> </div>"
MARK6787S2 RENDER demo wrote_rating=true
MARK6787S2 RENDER membershipdemo region="Customer reviews</div> <div class=\"text-4xl font-bold\"> <span data-gumroad-field=\"rating\">Be the first to review</span> <span class=\"text-lg font-normal text-gray-600\"> out of 5 · <span data-gumroad-field=\"review-count\">no</span> reviews </"
MARK6787S2 RENDER membershipdemo wrote_rating=false
MARK6787S2 RENDER hg region="Customer reviews</div> <div class=\"text-4xl font-bold\"> <span data-gumroad-field=\"rating\">Be the first to review</span> <span class=\"text-lg font-normal text-gray-600\"> out of 5 · <span data-gumroad-field=\"review-count\">no</span> reviews </"
MARK6787S2 RENDER hg wrote_rating=false
MARK6787S2 IDENTICAL_B_C=true
MARK6787S2 MEMO markers=10 review_summary_calls=1
MARK6787S2 URLS a=https://seller.feat-gp1673-custom-page-review-f.apps.staging.gumroad.org/l/demo b=https://seller.feat-gp1673-custom-page-review-f.apps.staging.gumroad.org/l/membershipdemo c=https://seller.feat-gp1673-custom-page-review-f.apps.staging.gumroad.org/l/hg
MARK6787S2 DONE
