===MARKS===
SUB=3 link="Beautiful membership" seller=1 email="qa6738buyer@gumroad.com"
PRICE=3 cents=0
SEEDED original_purchase=16
ORIG_PURCHASE=16 seller=1
UPI_PAYMENT_METHOD_TYPE="upi"
TARGET_CC=1
STATE control type="card" recurring_upi=false
RENDER subscription_card_declined-card-control subject="Your card was declined." upi_copy=false card_copy=true bytes=1667
RENDER subscription_card_declined_warning-card-control subject="Your card was declined." upi_copy=false card_copy=true bytes=1677
STATE upi type="upi" recurring_upi=true
RENDER subscription_card_declined-upi subject="Your payment method needs attention." upi_copy=true card_copy=false bytes=1675
RENDER subscription_card_declined_warning-upi subject="Your payment method needs attention." upi_copy=true card_copy=false bytes=1701
STATE restored type="card"
ASSERT declined card!=upi -> true
ASSERT warning  card!=upi -> true
ASSERT upi_declined '5 days'   -> true
ASSERT upi_warning  '48 hours' -> true
ASSERT card control 'card was declined' -> true
ASSERT upi 'update your payment method' -> true
ASSERT card control has NO upi copy -> true
