MARK6787C shown-desktop status=200 url=https://seller.feat-gp1673-custom-page-review-f.apps.staging.gumroad.org/l/demo
MARK6787C shown-desktop arm_label="ARM A — display_product_reviews = TRUE, 4 reviews"
MARK6787C shown-desktop rating="4.5" count="4"
MARK6787C shown-desktop shot /tmp/pw6787/shots/pr-6787-hosted-shown-desktop.png
MARK6787C hidden-desktop status=200 url=https://seller.feat-gp1673-custom-page-review-f.apps.staging.gumroad.org/l/membershipdemo
MARK6787C hidden-desktop arm_label="ARM B — display_product_reviews = FALSE, 3 reviews exist"
MARK6787C hidden-desktop rating="Be the first to review" count="no"
MARK6787C hidden-desktop shot /tmp/pw6787/shots/pr-6787-hosted-hidden-desktop.png
MARK6787C noreviews-desktop status=200 url=https://seller.feat-gp1673-custom-page-review-f.apps.staging.gumroad.org/l/hg
MARK6787C noreviews-desktop arm_label="ARM C — display_product_reviews = TRUE, ZERO reviews"
MARK6787C noreviews-desktop rating="Be the first to review" count="no"
MARK6787C noreviews-desktop shot /tmp/pw6787/shots/pr-6787-hosted-noreviews-desktop.png
MARK6787C shown-mobile status=200 url=https://seller.feat-gp1673-custom-page-review-f.apps.staging.gumroad.org/l/demo
MARK6787C shown-mobile arm_label="ARM A — display_product_reviews = TRUE, 4 reviews"
MARK6787C shown-mobile rating="4.5" count="4"
MARK6787C shown-mobile shot /tmp/pw6787/shots/pr-6787-hosted-shown-mobile.png
MARK6787C hidden-mobile status=200 url=https://seller.feat-gp1673-custom-page-review-f.apps.staging.gumroad.org/l/membershipdemo
MARK6787C hidden-mobile arm_label="ARM B — display_product_reviews = FALSE, 3 reviews exist"
MARK6787C hidden-mobile rating="Be the first to review" count="no"
MARK6787C hidden-mobile shot /tmp/pw6787/shots/pr-6787-hosted-hidden-mobile.png
MARK6787C DONE
