Refreshing checks status every 60 seconds. Press Ctrl+C to quit.

Build images	pass	6m0s	https://github.com/antiwork/gumroad/actions/runs/35052947395/job/104657149961	
CI Gate	pass	6s	https://github.com/antiwork/gumroad/actions/runs/35052947395/job/104657101949	
CI Gate (internal PR noop)	pass	5s	https://github.com/antiwork/gumroad/actions/runs/35052946510/job/104657055464	
Lint JS/TS	pass	6m8s	https://github.com/antiwork/gumroad/actions/runs/35052947395/job/104657149942	
Lint Ruby	pass	1m21s	https://github.com/antiwork/gumroad/actions/runs/35052947395/job/104657149948	
Migration versions	pass	1m11s	https://github.com/antiwork/gumroad/actions/runs/35052947395/job/104657150034	
Run scope	pass	7s	https://github.com/antiwork/gumroad/actions/runs/35052947395/job/104657150002	
Test Fast 0	pass	7m48s	https://github.com/antiwork/gumroad/actions/runs/35052947395/job/104658304897	
Test Fast 1	pass	7m49s	https://github.com/antiwork/gumroad/actions/runs/35052947395/job/104658304901	
Test Fast 10	pass	7m53s	https://github.com/antiwork/gumroad/actions/runs/35052947395/job/104658304935	
Test Fast 11	pass	7m52s	https://github.com/antiwork/gumroad/actions/runs/35052947395/job/104658304912	
Test Fast 12	pass	7m45s	https://github.com/antiwork/gumroad/actions/runs/35052947395/job/104658304989	
Test Fast 13	pass	7m47s	https://github.com/antiwork/gumroad/actions/runs/35052947395/job/104658304896	
Test Fast 14	pass	7m53s	https://github.com/antiwork/gumroad/actions/runs/35052947395/job/104658304971	
Test Fast 15	pass	7m50s	https://github.com/antiwork/gumroad/actions/runs/35052947395/job/104658304958	
Test Fast 16	pass	7m53s	https://github.com/antiwork/gumroad/actions/runs/35052947395/job/104658304922	
Test Fast 17	pass	7m39s	https://github.com/antiwork/gumroad/actions/runs/35052947395/job/104658305091	
Test Fast 2	pass	7m52s	https://github.com/antiwork/gumroad/actions/runs/35052947395/job/104658304913	
Test Fast 3	pass	7m46s	https://github.com/antiwork/gumroad/actions/runs/35052947395/job/104658304960	
Test Fast 4	pass	7m54s	https://github.com/antiwork/gumroad/actions/runs/35052947395/job/104658304891	
Test Fast 5	pass	7m50s	https://github.com/antiwork/gumroad/actions/runs/35052947395/job/104658304918	
Test Fast 6	pass	7m49s	https://github.com/antiwork/gumroad/actions/runs/35052947395/job/104658304949	
Test Fast 7	pass	7m47s	https://github.com/antiwork/gumroad/actions/runs/35052947395/job/104658304884	
Test Fast 8	pass	7m46s	https://github.com/antiwork/gumroad/actions/runs/35052947395/job/104658304889	
Test Fast 9	pass	7m53s	https://github.com/antiwork/gumroad/actions/runs/35052947395/job/104658304902	
Test Minitest 0	pass	8m37s	https://github.com/antiwork/gumroad/actions/runs/35052947395/job/104657149953	
Test Minitest 1	pass	8m36s	https://github.com/antiwork/gumroad/actions/runs/35052947395/job/104657149949	
Test Slow 0	pass	7m7s	https://github.com/antiwork/gumroad/actions/runs/35052947395/job/104658305399	
Test Slow 1	pass	7m11s	https://github.com/antiwork/gumroad/actions/runs/35052947395/job/104658305307	
Test Slow 10	pass	7m12s	https://github.com/antiwork/gumroad/actions/runs/35052947395/job/104658305354	
Test Slow 11	pass	7m14s	https://github.com/antiwork/gumroad/actions/runs/35052947395/job/104658305291	
Test Slow 12	pass	7m5s	https://github.com/antiwork/gumroad/actions/runs/35052947395/job/104658305363	
Test Slow 13	pass	7m9s	https://github.com/antiwork/gumroad/actions/runs/35052947395/job/104658305400	
Test Slow 14	pass	7m10s	https://github.com/antiwork/gumroad/actions/runs/35052947395/job/104658305334	
Test Slow 15	pass	7m7s	https://github.com/antiwork/gumroad/actions/runs/35052947395/job/104658305342	
Test Slow 16	pass	7m13s	https://github.com/antiwork/gumroad/actions/runs/35052947395/job/104658305368	
Test Slow 17	pass	7m9s	https://github.com/antiwork/gumroad/actions/runs/35052947395/job/104658305338	
Test Slow 18	pass	7m7s	https://github.com/antiwork/gumroad/actions/runs/35052947395/job/104658305425	
Test Slow 19	pass	7m6s	https://github.com/antiwork/gumroad/actions/runs/35052947395/job/104658305426	
Test Slow 2	pass	7m8s	https://github.com/antiwork/gumroad/actions/runs/35052947395/job/104658305350	
Test Slow 20	pass	7m7s	https://github.com/antiwork/gumroad/actions/runs/35052947395/job/104658305444	
Test Slow 21	pass	7m12s	https://github.com/antiwork/gumroad/actions/runs/35052947395/job/104658305429	
Test Slow 22	pass	7m7s	https://github.com/antiwork/gumroad/actions/runs/35052947395/job/104658305402	
Test Slow 23	pass	7m9s	https://github.com/antiwork/gumroad/actions/runs/35052947395/job/104658305357	
Test Slow 24	pass	7m16s	https://github.com/antiwork/gumroad/actions/runs/35052947395/job/104658305380	
Test Slow 25	pass	6m59s	https://github.com/antiwork/gumroad/actions/runs/35052947395/job/104658305412	
Test Slow 26	pass	7m6s	https://github.com/antiwork/gumroad/actions/runs/35052947395/job/104658305336	
Test Slow 27	pass	7m12s	https://github.com/antiwork/gumroad/actions/runs/35052947395/job/104658305371	
Test Slow 28	pass	7m10s	https://github.com/antiwork/gumroad/actions/runs/35052947395/job/104658305452	
Test Slow 29	pass	7m5s	https://github.com/antiwork/gumroad/actions/runs/35052947395/job/104658305348	
Test Slow 3	pass	7m11s	https://github.com/antiwork/gumroad/actions/runs/35052947395/job/104658305300	
Test Slow 30	pass	7m9s	https://github.com/antiwork/gumroad/actions/runs/35052947395/job/104658305375	
Test Slow 31	pass	7m11s	https://github.com/antiwork/gumroad/actions/runs/35052947395/job/104658305383	
Test Slow 32	pass	7m9s	https://github.com/antiwork/gumroad/actions/runs/35052947395/job/104658305382	
Test Slow 33	pass	7m13s	https://github.com/antiwork/gumroad/actions/runs/35052947395/job/104658305417	
Test Slow 34	pass	7m10s	https://github.com/antiwork/gumroad/actions/runs/35052947395/job/104658305557	
Test Slow 35	pass	7m4s	https://github.com/antiwork/gumroad/actions/runs/35052947395/job/104658305504	
Test Slow 36	pass	7m4s	https://github.com/antiwork/gumroad/actions/runs/35052947395/job/104658305381	
Test Slow 37	pass	7m10s	https://github.com/antiwork/gumroad/actions/runs/35052947395/job/104658305372	
Test Slow 38	pass	7m11s	https://github.com/antiwork/gumroad/actions/runs/35052947395/job/104658305573	
Test Slow 39	pass	7m12s	https://github.com/antiwork/gumroad/actions/runs/35052947395/job/104658305404	
Test Slow 4	pass	7m7s	https://github.com/antiwork/gumroad/actions/runs/35052947395/job/104658305276	
Test Slow 40	pass	7m8s	https://github.com/antiwork/gumroad/actions/runs/35052947395/job/104658305558	
Test Slow 41	pass	7m12s	https://github.com/antiwork/gumroad/actions/runs/35052947395/job/104658305481	
Test Slow 42	pass	7m7s	https://github.com/antiwork/gumroad/actions/runs/35052947395/job/104658305493	
Test Slow 43	pass	7m17s	https://github.com/antiwork/gumroad/actions/runs/35052947395/job/104658305549	
Test Slow 44	pass	7m12s	https://github.com/antiwork/gumroad/actions/runs/35052947395/job/104658305505	
Test Slow 45	pass	7m7s	https://github.com/antiwork/gumroad/actions/runs/35052947395/job/104658305579	
Test Slow 46	pass	7m6s	https://github.com/antiwork/gumroad/actions/runs/35052947395/job/104658305492	
Test Slow 47	pass	7m11s	https://github.com/antiwork/gumroad/actions/runs/35052947395/job/104658305463	
Test Slow 48	pass	7m11s	https://github.com/antiwork/gumroad/actions/runs/35052947395/job/104658305435	
Test Slow 49	pass	7m9s	https://github.com/antiwork/gumroad/actions/runs/35052947395/job/104658305473	
Test Slow 5	pass	7m7s	https://github.com/antiwork/gumroad/actions/runs/35052947395/job/104658305218	
Reuse full suite	skipping	0	https://github.com/antiwork/gumroad/actions/runs/35052947395/job/104657150836	
Typecheck TS	pass	1m46s	https://github.com/antiwork/gumroad/actions/runs/35052947395/job/104657149981	
ci/green	pass	0	https://github.com/antiwork/gumroad/actions/runs/35052947395	Test suite passed
Test Slow 7	pass	7m17s	https://github.com/antiwork/gumroad/actions/runs/35052947395/job/104658305269	
buildkite/gumroad	pending	0	https://buildkite.com/gumroad-inc/gumroad/builds/23265	Build #23265 started
Test Slow 8	pass	7m14s	https://github.com/antiwork/gumroad/actions/runs/35052947395/job/104658305349	
Compute relevant specs	skipping	0	https://github.com/antiwork/gumroad/actions/runs/35052947395/job/104657200114	
Test Slow 9	pass	7m7s	https://github.com/antiwork/gumroad/actions/runs/35052947395/job/104658305274	
deploy	pass	4s	https://github.com/antiwork/gumroad/actions/runs/35052947393/job/104657058369	
Test Slow 6	pass	7m12s	https://github.com/antiwork/gumroad/actions/runs/35052947395/job/104658305353	
Compute relevant specs	skipping	0	https://github.com/antiwork/gumroad/actions/runs/35052946510/job/104657096652	
Lint Ruby	skipping	0	https://github.com/antiwork/gumroad/actions/runs/35052946510/job/104657095968	
Migration versions	skipping	0	https://github.com/antiwork/gumroad/actions/runs/35052946510/job/104657095732	
Lint JS/TS	skipping	0	https://github.com/antiwork/gumroad/actions/runs/35052946510/job/104657095985	
Build images${{ (((github.event_name == 'pull_request_target') && (github.event.pull_request.head.repo.full_name == github.repository) && ' (internal PR noop)') || '') }}	skipping	0	https://github.com/antiwork/gumroad/actions/runs/35052946510/job/104657095875	
Reuse full suite	skipping	0	https://github.com/antiwork/gumroad/actions/runs/35052946510/job/104657095859	
Run scope	skipping	0	https://github.com/antiwork/gumroad/actions/runs/35052946510/job/104657095929	
Test Fast ${{ matrix.ci_node_index }}${{ (((github.event_name == 'pull_request_target') && (github.event.pull_request.head.repo.full_name == github.repository) && ' (internal PR noop)') || '') }}	skipping	0	https://github.com/antiwork/gumroad/actions/runs/35052946510/job/104657096342	
Test Minitest ${{ matrix.ci_node_index }}${{ (((github.event_name == 'pull_request_target') && (github.event.pull_request.head.repo.full_name == github.repository) && ' (internal PR noop)') || '') }}	skipping	0	https://github.com/antiwork/gumroad/actions/runs/35052946510/job/104657095974	
Test Relevant ${{ matrix.ci_node_index }}${{ (((github.event_name == 'pull_request_target') && (github.event.pull_request.head.repo.full_name == github.repository) && ' (internal PR noop)') || '') }}	skipping	0	https://github.com/antiwork/gumroad/actions/runs/35052946510/job/104657096719	
Test Relevant ${{ matrix.ci_node_index }}${{ (((github.event_name == 'pull_request_target') && (github.event.pull_request.head.repo.full_name == github.repository) && ' (internal PR noop)') || '') }}	skipping	0	https://github.com/antiwork/gumroad/actions/runs/35052947395/job/104658306326	
Test Slow ${{ matrix.ci_node_index }}${{ (((github.event_name == 'pull_request_target') && (github.event.pull_request.head.repo.full_name == github.repository) && ' (internal PR noop)') || '') }}	skipping	0	https://github.com/antiwork/gumroad/actions/runs/35052946510/job/104657096423	
Typecheck TS	skipping	0	https://github.com/antiwork/gumroad/actions/runs/35052946510/job/104657095993	
Unblock deployment from Buildkite	skipping	0	https://github.com/antiwork/gumroad/actions/runs/35052946510/job/104657096624	
Unblock deployment from Buildkite	skipping	0	https://github.com/antiwork/gumroad/actions/runs/35052947395/job/104659799607	
Build images	pass	6m0s	https://github.com/antiwork/gumroad/actions/runs/35052947395/job/104657149961	
CI Gate	pass	6s	https://github.com/antiwork/gumroad/actions/runs/35052947395/job/104657101949	
CI Gate (internal PR noop)	pass	5s	https://github.com/antiwork/gumroad/actions/runs/35052946510/job/104657055464	
Lint JS/TS	pass	6m8s	https://github.com/antiwork/gumroad/actions/runs/35052947395/job/104657149942	
Lint Ruby	pass	1m21s	https://github.com/antiwork/gumroad/actions/runs/35052947395/job/104657149948	
Migration versions	pass	1m11s	https://github.com/antiwork/gumroad/actions/runs/35052947395/job/104657150034	
Run scope	pass	7s	https://github.com/antiwork/gumroad/actions/runs/35052947395/job/104657150002	
Test Fast 0	pass	7m48s	https://github.com/antiwork/gumroad/actions/runs/35052947395/job/104658304897	
Test Fast 1	pass	7m49s	https://github.com/antiwork/gumroad/actions/runs/35052947395/job/104658304901	
Test Fast 10	pass	7m53s	https://github.com/antiwork/gumroad/actions/runs/35052947395/job/104658304935	
Test Fast 11	pass	7m52s	https://github.com/antiwork/gumroad/actions/runs/35052947395/job/104658304912	
Test Fast 12	pass	7m45s	https://github.com/antiwork/gumroad/actions/runs/35052947395/job/104658304989	
Test Fast 13	pass	7m47s	https://github.com/antiwork/gumroad/actions/runs/35052947395/job/104658304896	
Test Fast 14	pass	7m53s	https://github.com/antiwork/gumroad/actions/runs/35052947395/job/104658304971	
Test Fast 15	pass	7m50s	https://github.com/antiwork/gumroad/actions/runs/35052947395/job/104658304958	
Test Fast 16	pass	7m53s	https://github.com/antiwork/gumroad/actions/runs/35052947395/job/104658304922	
Test Fast 17	pass	7m39s	https://github.com/antiwork/gumroad/actions/runs/35052947395/job/104658305091	
Test Fast 2	pass	7m52s	https://github.com/antiwork/gumroad/actions/runs/35052947395/job/104658304913	
Test Fast 3	pass	7m46s	https://github.com/antiwork/gumroad/actions/runs/35052947395/job/104658304960	
Test Fast 4	pass	7m54s	https://github.com/antiwork/gumroad/actions/runs/35052947395/job/104658304891	
Test Fast 5	pass	7m50s	https://github.com/antiwork/gumroad/actions/runs/35052947395/job/104658304918	
Test Fast 6	pass	7m49s	https://github.com/antiwork/gumroad/actions/runs/35052947395/job/104658304949	
Test Fast 7	pass	7m47s	https://github.com/antiwork/gumroad/actions/runs/35052947395/job/104658304884	
Test Fast 8	pass	7m46s	https://github.com/antiwork/gumroad/actions/runs/35052947395/job/104658304889	
Test Fast 9	pass	7m53s	https://github.com/antiwork/gumroad/actions/runs/35052947395/job/104658304902	
Test Minitest 0	pass	8m37s	https://github.com/antiwork/gumroad/actions/runs/35052947395/job/104657149953	
Test Minitest 1	pass	8m36s	https://github.com/antiwork/gumroad/actions/runs/35052947395/job/104657149949	
Test Slow 0	pass	7m7s	https://github.com/antiwork/gumroad/actions/runs/35052947395/job/104658305399	
Test Slow 1	pass	7m11s	https://github.com/antiwork/gumroad/actions/runs/35052947395/job/104658305307	
Test Slow 10	pass	7m12s	https://github.com/antiwork/gumroad/actions/runs/35052947395/job/104658305354	
Test Slow 11	pass	7m14s	https://github.com/antiwork/gumroad/actions/runs/35052947395/job/104658305291	
Test Slow 12	pass	7m5s	https://github.com/antiwork/gumroad/actions/runs/35052947395/job/104658305363	
Test Slow 13	pass	7m9s	https://github.com/antiwork/gumroad/actions/runs/35052947395/job/104658305400	
Test Slow 14	pass	7m10s	https://github.com/antiwork/gumroad/actions/runs/35052947395/job/104658305334	
Test Slow 15	pass	7m7s	https://github.com/antiwork/gumroad/actions/runs/35052947395/job/104658305342	
Test Slow 16	pass	7m13s	https://github.com/antiwork/gumroad/actions/runs/35052947395/job/104658305368	
Test Slow 17	pass	7m9s	https://github.com/antiwork/gumroad/actions/runs/35052947395/job/104658305338	
Test Slow 18	pass	7m7s	https://github.com/antiwork/gumroad/actions/runs/35052947395/job/104658305425	
Test Slow 19	pass	7m6s	https://github.com/antiwork/gumroad/actions/runs/35052947395/job/104658305426	
Test Slow 2	pass	7m8s	https://github.com/antiwork/gumroad/actions/runs/35052947395/job/104658305350	
Test Slow 20	pass	7m7s	https://github.com/antiwork/gumroad/actions/runs/35052947395/job/104658305444	
Test Slow 21	pass	7m12s	https://github.com/antiwork/gumroad/actions/runs/35052947395/job/104658305429	
Test Slow 22	pass	7m7s	https://github.com/antiwork/gumroad/actions/runs/35052947395/job/104658305402	
Test Slow 23	pass	7m9s	https://github.com/antiwork/gumroad/actions/runs/35052947395/job/104658305357	
Test Slow 24	pass	7m16s	https://github.com/antiwork/gumroad/actions/runs/35052947395/job/104658305380	
Test Slow 25	pass	6m59s	https://github.com/antiwork/gumroad/actions/runs/35052947395/job/104658305412	
Test Slow 26	pass	7m6s	https://github.com/antiwork/gumroad/actions/runs/35052947395/job/104658305336	
Test Slow 27	pass	7m12s	https://github.com/antiwork/gumroad/actions/runs/35052947395/job/104658305371	
Test Slow 28	pass	7m10s	https://github.com/antiwork/gumroad/actions/runs/35052947395/job/104658305452	
Test Slow 29	pass	7m5s	https://github.com/antiwork/gumroad/actions/runs/35052947395/job/104658305348	
Test Slow 3	pass	7m11s	https://github.com/antiwork/gumroad/actions/runs/35052947395/job/104658305300	
Test Slow 30	pass	7m9s	https://github.com/antiwork/gumroad/actions/runs/35052947395/job/104658305375	
Test Slow 31	pass	7m11s	https://github.com/antiwork/gumroad/actions/runs/35052947395/job/104658305383	
Test Slow 32	pass	7m9s	https://github.com/antiwork/gumroad/actions/runs/35052947395/job/104658305382	
Test Slow 33	pass	7m13s	https://github.com/antiwork/gumroad/actions/runs/35052947395/job/104658305417	
Test Slow 34	pass	7m10s	https://github.com/antiwork/gumroad/actions/runs/35052947395/job/104658305557	
Test Slow 35	pass	7m4s	https://github.com/antiwork/gumroad/actions/runs/35052947395/job/104658305504	
Test Slow 36	pass	7m4s	https://github.com/antiwork/gumroad/actions/runs/35052947395/job/104658305381	
Test Slow 37	pass	7m10s	https://github.com/antiwork/gumroad/actions/runs/35052947395/job/104658305372	
Test Slow 38	pass	7m11s	https://github.com/antiwork/gumroad/actions/runs/35052947395/job/104658305573	
Test Slow 39	pass	7m12s	https://github.com/antiwork/gumroad/actions/runs/35052947395/job/104658305404	
Test Slow 4	pass	7m7s	https://github.com/antiwork/gumroad/actions/runs/35052947395/job/104658305276	
Test Slow 40	pass	7m8s	https://github.com/antiwork/gumroad/actions/runs/35052947395/job/104658305558	
Test Slow 41	pass	7m12s	https://github.com/antiwork/gumroad/actions/runs/35052947395/job/104658305481	
Test Slow 42	pass	7m7s	https://github.com/antiwork/gumroad/actions/runs/35052947395/job/104658305493	
Test Slow 43	pass	7m17s	https://github.com/antiwork/gumroad/actions/runs/35052947395/job/104658305549	
Test Slow 44	pass	7m12s	https://github.com/antiwork/gumroad/actions/runs/35052947395/job/104658305505	
Test Slow 45	pass	7m7s	https://github.com/antiwork/gumroad/actions/runs/35052947395/job/104658305579	
Test Slow 46	pass	7m6s	https://github.com/antiwork/gumroad/actions/runs/35052947395/job/104658305492	
Test Slow 47	pass	7m11s	https://github.com/antiwork/gumroad/actions/runs/35052947395/job/104658305463	
Test Slow 48	pass	7m11s	https://github.com/antiwork/gumroad/actions/runs/35052947395/job/104658305435	
Test Slow 49	pass	7m9s	https://github.com/antiwork/gumroad/actions/runs/35052947395/job/104658305473	
Test Slow 5	pass	7m7s	https://github.com/antiwork/gumroad/actions/runs/35052947395/job/104658305218	
Reuse full suite	skipping	0	https://github.com/antiwork/gumroad/actions/runs/35052947395/job/104657150836	
Typecheck TS	pass	1m46s	https://github.com/antiwork/gumroad/actions/runs/35052947395/job/104657149981	
ci/green	pass	0	https://github.com/antiwork/gumroad/actions/runs/35052947395	Test suite passed
Test Slow 7	pass	7m17s	https://github.com/antiwork/gumroad/actions/runs/35052947395/job/104658305269	
buildkite/gumroad	pass	0	https://buildkite.com/gumroad-inc/gumroad/builds/23265	Build #23265 passed (18 minutes, 45 seconds)
Test Slow 8	pass	7m14s	https://github.com/antiwork/gumroad/actions/runs/35052947395/job/104658305349	
Compute relevant specs	skipping	0	https://github.com/antiwork/gumroad/actions/runs/35052947395/job/104657200114	
Test Slow 9	pass	7m7s	https://github.com/antiwork/gumroad/actions/runs/35052947395/job/104658305274	
deploy	pass	4s	https://github.com/antiwork/gumroad/actions/runs/35052947393/job/104657058369	
Test Slow 6	pass	7m12s	https://github.com/antiwork/gumroad/actions/runs/35052947395/job/104658305353	
Compute relevant specs	skipping	0	https://github.com/antiwork/gumroad/actions/runs/35052946510/job/104657096652	
Lint Ruby	skipping	0	https://github.com/antiwork/gumroad/actions/runs/35052946510/job/104657095968	
Migration versions	skipping	0	https://github.com/antiwork/gumroad/actions/runs/35052946510/job/104657095732	
Lint JS/TS	skipping	0	https://github.com/antiwork/gumroad/actions/runs/35052946510/job/104657095985	
Build images${{ (((github.event_name == 'pull_request_target') && (github.event.pull_request.head.repo.full_name == github.repository) && ' (internal PR noop)') || '') }}	skipping	0	https://github.com/antiwork/gumroad/actions/runs/35052946510/job/104657095875	
Reuse full suite	skipping	0	https://github.com/antiwork/gumroad/actions/runs/35052946510/job/104657095859	
Run scope	skipping	0	https://github.com/antiwork/gumroad/actions/runs/35052946510/job/104657095929	
Test Fast ${{ matrix.ci_node_index }}${{ (((github.event_name == 'pull_request_target') && (github.event.pull_request.head.repo.full_name == github.repository) && ' (internal PR noop)') || '') }}	skipping	0	https://github.com/antiwork/gumroad/actions/runs/35052946510/job/104657096342	
Test Minitest ${{ matrix.ci_node_index }}${{ (((github.event_name == 'pull_request_target') && (github.event.pull_request.head.repo.full_name == github.repository) && ' (internal PR noop)') || '') }}	skipping	0	https://github.com/antiwork/gumroad/actions/runs/35052946510/job/104657095974	
Test Relevant ${{ matrix.ci_node_index }}${{ (((github.event_name == 'pull_request_target') && (github.event.pull_request.head.repo.full_name == github.repository) && ' (internal PR noop)') || '') }}	skipping	0	https://github.com/antiwork/gumroad/actions/runs/35052946510/job/104657096719	
Test Relevant ${{ matrix.ci_node_index }}${{ (((github.event_name == 'pull_request_target') && (github.event.pull_request.head.repo.full_name == github.repository) && ' (internal PR noop)') || '') }}	skipping	0	https://github.com/antiwork/gumroad/actions/runs/35052947395/job/104658306326	
Test Slow ${{ matrix.ci_node_index }}${{ (((github.event_name == 'pull_request_target') && (github.event.pull_request.head.repo.full_name == github.repository) && ' (internal PR noop)') || '') }}	skipping	0	https://github.com/antiwork/gumroad/actions/runs/35052946510/job/104657096423	
Typecheck TS	skipping	0	https://github.com/antiwork/gumroad/actions/runs/35052946510/job/104657095993	
Unblock deployment from Buildkite	skipping	0	https://github.com/antiwork/gumroad/actions/runs/35052946510/job/104657096624	
Unblock deployment from Buildkite	skipping	0	https://github.com/antiwork/gumroad/actions/runs/35052947395/job/104659799607	
Build images	pass	6m0s	https://github.com/antiwork/gumroad/actions/runs/35052947395/job/104657149961	
CI Gate	pass	6s	https://github.com/antiwork/gumroad/actions/runs/35052947395/job/104657101949	
CI Gate (internal PR noop)	pass	5s	https://github.com/antiwork/gumroad/actions/runs/35052946510/job/104657055464	
Lint JS/TS	pass	6m8s	https://github.com/antiwork/gumroad/actions/runs/35052947395/job/104657149942	
Lint Ruby	pass	1m21s	https://github.com/antiwork/gumroad/actions/runs/35052947395/job/104657149948	
Migration versions	pass	1m11s	https://github.com/antiwork/gumroad/actions/runs/35052947395/job/104657150034	
Run scope	pass	7s	https://github.com/antiwork/gumroad/actions/runs/35052947395/job/104657150002	
Test Fast 0	pass	7m48s	https://github.com/antiwork/gumroad/actions/runs/35052947395/job/104658304897	
Test Fast 1	pass	7m49s	https://github.com/antiwork/gumroad/actions/runs/35052947395/job/104658304901	
Test Fast 10	pass	7m53s	https://github.com/antiwork/gumroad/actions/runs/35052947395/job/104658304935	
Test Fast 11	pass	7m52s	https://github.com/antiwork/gumroad/actions/runs/35052947395/job/104658304912	
Test Fast 12	pass	7m45s	https://github.com/antiwork/gumroad/actions/runs/35052947395/job/104658304989	
Test Fast 13	pass	7m47s	https://github.com/antiwork/gumroad/actions/runs/35052947395/job/104658304896	
Test Fast 14	pass	7m53s	https://github.com/antiwork/gumroad/actions/runs/35052947395/job/104658304971	
Test Fast 15	pass	7m50s	https://github.com/antiwork/gumroad/actions/runs/35052947395/job/104658304958	
Test Fast 16	pass	7m53s	https://github.com/antiwork/gumroad/actions/runs/35052947395/job/104658304922	
Test Fast 17	pass	7m39s	https://github.com/antiwork/gumroad/actions/runs/35052947395/job/104658305091	
Test Fast 2	pass	7m52s	https://github.com/antiwork/gumroad/actions/runs/35052947395/job/104658304913	
Test Fast 3	pass	7m46s	https://github.com/antiwork/gumroad/actions/runs/35052947395/job/104658304960	
Test Fast 4	pass	7m54s	https://github.com/antiwork/gumroad/actions/runs/35052947395/job/104658304891	
Test Fast 5	pass	7m50s	https://github.com/antiwork/gumroad/actions/runs/35052947395/job/104658304918	
Test Fast 6	pass	7m49s	https://github.com/antiwork/gumroad/actions/runs/35052947395/job/104658304949	
Test Fast 7	pass	7m47s	https://github.com/antiwork/gumroad/actions/runs/35052947395/job/104658304884	
Test Fast 8	pass	7m46s	https://github.com/antiwork/gumroad/actions/runs/35052947395/job/104658304889	
Test Fast 9	pass	7m53s	https://github.com/antiwork/gumroad/actions/runs/35052947395/job/104658304902	
Test Minitest 0	pass	8m37s	https://github.com/antiwork/gumroad/actions/runs/35052947395/job/104657149953	
Test Minitest 1	pass	8m36s	https://github.com/antiwork/gumroad/actions/runs/35052947395/job/104657149949	
Test Slow 0	pass	7m7s	https://github.com/antiwork/gumroad/actions/runs/35052947395/job/104658305399	
Test Slow 1	pass	7m11s	https://github.com/antiwork/gumroad/actions/runs/35052947395/job/104658305307	
Test Slow 10	pass	7m12s	https://github.com/antiwork/gumroad/actions/runs/35052947395/job/104658305354	
Test Slow 11	pass	7m14s	https://github.com/antiwork/gumroad/actions/runs/35052947395/job/104658305291	
Test Slow 12	pass	7m5s	https://github.com/antiwork/gumroad/actions/runs/35052947395/job/104658305363	
Test Slow 13	pass	7m9s	https://github.com/antiwork/gumroad/actions/runs/35052947395/job/104658305400	
Test Slow 14	pass	7m10s	https://github.com/antiwork/gumroad/actions/runs/35052947395/job/104658305334	
Test Slow 15	pass	7m7s	https://github.com/antiwork/gumroad/actions/runs/35052947395/job/104658305342	
Test Slow 16	pass	7m13s	https://github.com/antiwork/gumroad/actions/runs/35052947395/job/104658305368	
Test Slow 17	pass	7m9s	https://github.com/antiwork/gumroad/actions/runs/35052947395/job/104658305338	
Test Slow 18	pass	7m7s	https://github.com/antiwork/gumroad/actions/runs/35052947395/job/104658305425	
Test Slow 19	pass	7m6s	https://github.com/antiwork/gumroad/actions/runs/35052947395/job/104658305426	
Test Slow 2	pass	7m8s	https://github.com/antiwork/gumroad/actions/runs/35052947395/job/104658305350	
Test Slow 20	pass	7m7s	https://github.com/antiwork/gumroad/actions/runs/35052947395/job/104658305444	
Test Slow 21	pass	7m12s	https://github.com/antiwork/gumroad/actions/runs/35052947395/job/104658305429	
Test Slow 22	pass	7m7s	https://github.com/antiwork/gumroad/actions/runs/35052947395/job/104658305402	
Test Slow 23	pass	7m9s	https://github.com/antiwork/gumroad/actions/runs/35052947395/job/104658305357	
Test Slow 24	pass	7m16s	https://github.com/antiwork/gumroad/actions/runs/35052947395/job/104658305380	
Test Slow 25	pass	6m59s	https://github.com/antiwork/gumroad/actions/runs/35052947395/job/104658305412	
Test Slow 26	pass	7m6s	https://github.com/antiwork/gumroad/actions/runs/35052947395/job/104658305336	
Test Slow 27	pass	7m12s	https://github.com/antiwork/gumroad/actions/runs/35052947395/job/104658305371	
Test Slow 28	pass	7m10s	https://github.com/antiwork/gumroad/actions/runs/35052947395/job/104658305452	
Lint JS/TS	skipping	0	https://github.com/antiwork/gumroad/actions/runs/35052946510/job/104657095985	
Test Slow 3	pass	7m11s	https://github.com/antiwork/gumroad/actions/runs/35052947395/job/104658305300	
Test Slow 30	pass	7m9s	https://github.com/antiwork/gumroad/actions/runs/35052947395/job/104658305375	
Test Slow 31	pass	7m11s	https://github.com/antiwork/gumroad/actions/runs/35052947395/job/104658305383	
Test Slow 32	pass	7m9s	https://github.com/antiwork/gumroad/actions/runs/35052947395/job/104658305382	
Test Slow 33	pass	7m13s	https://github.com/antiwork/gumroad/actions/runs/35052947395/job/104658305417	
Test Slow 34	pass	7m10s	https://github.com/antiwork/gumroad/actions/runs/35052947395/job/104658305557	
Test Slow 35	pass	7m4s	https://github.com/antiwork/gumroad/actions/runs/35052947395/job/104658305504	
Test Slow 36	pass	7m4s	https://github.com/antiwork/gumroad/actions/runs/35052947395/job/104658305381	
Test Slow 37	pass	7m10s	https://github.com/antiwork/gumroad/actions/runs/35052947395/job/104658305372	
Test Slow 38	pass	7m11s	https://github.com/antiwork/gumroad/actions/runs/35052947395/job/104658305573	
Test Slow 39	pass	7m12s	https://github.com/antiwork/gumroad/actions/runs/35052947395/job/104658305404	
Test Slow 4	pass	7m7s	https://github.com/antiwork/gumroad/actions/runs/35052947395/job/104658305276	
Test Slow 40	pass	7m8s	https://github.com/antiwork/gumroad/actions/runs/35052947395/job/104658305558	
Test Slow 41	pass	7m12s	https://github.com/antiwork/gumroad/actions/runs/35052947395/job/104658305481	
Test Slow 42	pass	7m7s	https://github.com/antiwork/gumroad/actions/runs/35052947395/job/104658305493	
Test Slow 43	pass	7m17s	https://github.com/antiwork/gumroad/actions/runs/35052947395/job/104658305549	
Test Slow 44	pass	7m12s	https://github.com/antiwork/gumroad/actions/runs/35052947395/job/104658305505	
Test Slow 45	pass	7m7s	https://github.com/antiwork/gumroad/actions/runs/35052947395/job/104658305579	
Test Slow 46	pass	7m6s	https://github.com/antiwork/gumroad/actions/runs/35052947395/job/104658305492	
Test Slow 47	pass	7m11s	https://github.com/antiwork/gumroad/actions/runs/35052947395/job/104658305463	
Test Slow 48	pass	7m11s	https://github.com/antiwork/gumroad/actions/runs/35052947395/job/104658305435	
Test Slow 49	pass	7m9s	https://github.com/antiwork/gumroad/actions/runs/35052947395/job/104658305473	
Test Slow 5	pass	7m7s	https://github.com/antiwork/gumroad/actions/runs/35052947395/job/104658305218	
Test Slow 29	pass	7m5s	https://github.com/antiwork/gumroad/actions/runs/35052947395/job/104658305348	
Test Slow 7	pass	7m17s	https://github.com/antiwork/gumroad/actions/runs/35052947395/job/104658305269	
Test Slow 8	pass	7m14s	https://github.com/antiwork/gumroad/actions/runs/35052947395/job/104658305349	
Typecheck TS	pass	1m46s	https://github.com/antiwork/gumroad/actions/runs/35052947395/job/104657149981	
buildkite/gumroad	pass	0	https://buildkite.com/gumroad-inc/gumroad/builds/23265	Build #23265 passed (18 minutes, 45 seconds)
ci/green	pass	0	https://github.com/antiwork/gumroad/actions/runs/35052947395	Test suite passed
Compute relevant specs	skipping	0	https://github.com/antiwork/gumroad/actions/runs/35052947395/job/104657200114	
Test Slow 6	pass	7m12s	https://github.com/antiwork/gumroad/actions/runs/35052947395/job/104658305353	
Test Slow 9	pass	7m7s	https://github.com/antiwork/gumroad/actions/runs/35052947395/job/104658305274	
deploy	pass	4s	https://github.com/antiwork/gumroad/actions/runs/35052947393/job/104657058369	
Build images${{ (((github.event_name == 'pull_request_target') && (github.event.pull_request.head.repo.full_name == github.repository) && ' (internal PR noop)') || '') }}	skipping	0	https://github.com/antiwork/gumroad/actions/runs/35052946510/job/104657095875	
Compute relevant specs	skipping	0	https://github.com/antiwork/gumroad/actions/runs/35052946510/job/104657096652	
Lint Ruby	skipping	0	https://github.com/antiwork/gumroad/actions/runs/35052946510/job/104657095968	
Migration versions	skipping	0	https://github.com/antiwork/gumroad/actions/runs/35052946510/job/104657095732	
Reuse full suite	skipping	0	https://github.com/antiwork/gumroad/actions/runs/35052946510/job/104657095859	
Reuse full suite	skipping	0	https://github.com/antiwork/gumroad/actions/runs/35052947395/job/104657150836	
Run scope	skipping	0	https://github.com/antiwork/gumroad/actions/runs/35052946510/job/104657095929	
Test Fast ${{ matrix.ci_node_index }}${{ (((github.event_name == 'pull_request_target') && (github.event.pull_request.head.repo.full_name == github.repository) && ' (internal PR noop)') || '') }}	skipping	0	https://github.com/antiwork/gumroad/actions/runs/35052946510/job/104657096342	
Test Minitest ${{ matrix.ci_node_index }}${{ (((github.event_name == 'pull_request_target') && (github.event.pull_request.head.repo.full_name == github.repository) && ' (internal PR noop)') || '') }}	skipping	0	https://github.com/antiwork/gumroad/actions/runs/35052946510/job/104657095974	
Test Relevant ${{ matrix.ci_node_index }}${{ (((github.event_name == 'pull_request_target') && (github.event.pull_request.head.repo.full_name == github.repository) && ' (internal PR noop)') || '') }}	skipping	0	https://github.com/antiwork/gumroad/actions/runs/35052946510/job/104657096719	
Test Relevant ${{ matrix.ci_node_index }}${{ (((github.event_name == 'pull_request_target') && (github.event.pull_request.head.repo.full_name == github.repository) && ' (internal PR noop)') || '') }}	skipping	0	https://github.com/antiwork/gumroad/actions/runs/35052947395/job/104658306326	
Test Slow ${{ matrix.ci_node_index }}${{ (((github.event_name == 'pull_request_target') && (github.event.pull_request.head.repo.full_name == github.repository) && ' (internal PR noop)') || '') }}	skipping	0	https://github.com/antiwork/gumroad/actions/runs/35052946510/job/104657096423	
Typecheck TS	skipping	0	https://github.com/antiwork/gumroad/actions/runs/35052946510/job/104657095993	
Unblock deployment from Buildkite	skipping	0	https://github.com/antiwork/gumroad/actions/runs/35052946510/job/104657096624	
Unblock deployment from Buildkite	skipping	0	https://github.com/antiwork/gumroad/actions/runs/35052947395/job/104659799607	
