Refreshing checks status every 60 seconds. Press Ctrl+C to quit.

Build images${{ (((github.event_name == 'pull_request_target') && (github.event.pull_request.head.repo.full_name == github.repository) && ' (internal PR noop)') || '') }}	skipping	0	https://github.com/antiwork/gumroad/actions/runs/35052003340/job/104654246406	
Compute relevant specs	skipping	0	https://github.com/antiwork/gumroad/actions/runs/35052002226/job/104654293094	
Compute relevant specs	skipping	0	https://github.com/antiwork/gumroad/actions/runs/35052003340/job/104654247148	
Lint JS/TS	skipping	0	https://github.com/antiwork/gumroad/actions/runs/35052003340/job/104654246471	
Lint Ruby	skipping	0	https://github.com/antiwork/gumroad/actions/runs/35052003340/job/104654247025	
Migration versions	skipping	0	https://github.com/antiwork/gumroad/actions/runs/35052003340/job/104654246953	
Reuse full suite	skipping	0	https://github.com/antiwork/gumroad/actions/runs/35052002226/job/104654246076	
Reuse full suite	skipping	0	https://github.com/antiwork/gumroad/actions/runs/35052003340/job/104654246399	
Run scope	skipping	0	https://github.com/antiwork/gumroad/actions/runs/35052003340/job/104654246637	
Test Fast ${{ matrix.ci_node_index }}${{ (((github.event_name == 'pull_request_target') && (github.event.pull_request.head.repo.full_name == github.repository) && ' (internal PR noop)') || '') }}	skipping	0	https://github.com/antiwork/gumroad/actions/runs/35052003340/job/104654246986	
Test Minitest ${{ matrix.ci_node_index }}${{ (((github.event_name == 'pull_request_target') && (github.event.pull_request.head.repo.full_name == github.repository) && ' (internal PR noop)') || '') }}	skipping	0	https://github.com/antiwork/gumroad/actions/runs/35052003340/job/104654246950	
Test Relevant ${{ matrix.ci_node_index }}${{ (((github.event_name == 'pull_request_target') && (github.event.pull_request.head.repo.full_name == github.repository) && ' (internal PR noop)') || '') }}	skipping	0	https://github.com/antiwork/gumroad/actions/runs/35052003340/job/104654247748	
Test Slow ${{ matrix.ci_node_index }}${{ (((github.event_name == 'pull_request_target') && (github.event.pull_request.head.repo.full_name == github.repository) && ' (internal PR noop)') || '') }}	skipping	0	https://github.com/antiwork/gumroad/actions/runs/35052003340/job/104654247056	
Migration versions	pass	1m3s	https://github.com/antiwork/gumroad/actions/runs/35052002226/job/104654245134	
Typecheck TS	skipping	0	https://github.com/antiwork/gumroad/actions/runs/35052003340/job/104654247049	
Test Minitest 1	pending	0	https://github.com/antiwork/gumroad/actions/runs/35052002226/job/104654245223	
buildkite/gumroad	pending	0	https://buildkite.com/gumroad-inc/gumroad/builds/23263	Build #23263 started
Lint JS/TS	pending	0	https://github.com/antiwork/gumroad/actions/runs/35052002226/job/104654245162	
Test Minitest 0	pending	0	https://github.com/antiwork/gumroad/actions/runs/35052002226/job/104654245283	
Build images	pending	0	https://github.com/antiwork/gumroad/actions/runs/35052002226/job/104654245197	
Unblock deployment from Buildkite	skipping	0	https://github.com/antiwork/gumroad/actions/runs/35052003340/job/104654247439	
CI Gate	pass	6s	https://github.com/antiwork/gumroad/actions/runs/35052002226/job/104654200965	
Lint Ruby	pass	1m43s	https://github.com/antiwork/gumroad/actions/runs/35052002226/job/104654245189	
CI Gate (internal PR noop)	pass	5s	https://github.com/antiwork/gumroad/actions/runs/35052003340/job/104654204603	
Run scope	pass	6s	https://github.com/antiwork/gumroad/actions/runs/35052002226/job/104654245198	
Typecheck TS	pass	2m21s	https://github.com/antiwork/gumroad/actions/runs/35052002226/job/104654245200	
deploy	pass	2s	https://github.com/antiwork/gumroad/actions/runs/35052002234/job/104654200726	
Refreshing checks status every 60 seconds. Press Ctrl+C to quit.

Build images${{ (((github.event_name == 'pull_request_target') && (github.event.pull_request.head.repo.full_name == github.repository) && ' (internal PR noop)') || '') }}	skipping	0	https://github.com/antiwork/gumroad/actions/runs/35052003340/job/104654246406	
Compute relevant specs	skipping	0	https://github.com/antiwork/gumroad/actions/runs/35052002226/job/104654293094	
Compute relevant specs	skipping	0	https://github.com/antiwork/gumroad/actions/runs/35052003340/job/104654247148	
Lint JS/TS	skipping	0	https://github.com/antiwork/gumroad/actions/runs/35052003340/job/104654246471	
Lint Ruby	skipping	0	https://github.com/antiwork/gumroad/actions/runs/35052003340/job/104654247025	
Migration versions	skipping	0	https://github.com/antiwork/gumroad/actions/runs/35052003340/job/104654246953	
Reuse full suite	skipping	0	https://github.com/antiwork/gumroad/actions/runs/35052002226/job/104654246076	
Reuse full suite	skipping	0	https://github.com/antiwork/gumroad/actions/runs/35052003340/job/104654246399	
Run scope	skipping	0	https://github.com/antiwork/gumroad/actions/runs/35052003340/job/104654246637	
Test Fast ${{ matrix.ci_node_index }}${{ (((github.event_name == 'pull_request_target') && (github.event.pull_request.head.repo.full_name == github.repository) && ' (internal PR noop)') || '') }}	skipping	0	https://github.com/antiwork/gumroad/actions/runs/35052003340/job/104654246986	
Test Minitest ${{ matrix.ci_node_index }}${{ (((github.event_name == 'pull_request_target') && (github.event.pull_request.head.repo.full_name == github.repository) && ' (internal PR noop)') || '') }}	skipping	0	https://github.com/antiwork/gumroad/actions/runs/35052003340/job/104654246950	
Test Relevant ${{ matrix.ci_node_index }}${{ (((github.event_name == 'pull_request_target') && (github.event.pull_request.head.repo.full_name == github.repository) && ' (internal PR noop)') || '') }}	skipping	0	https://github.com/antiwork/gumroad/actions/runs/35052003340/job/104654247748	
Test Slow ${{ matrix.ci_node_index }}${{ (((github.event_name == 'pull_request_target') && (github.event.pull_request.head.repo.full_name == github.repository) && ' (internal PR noop)') || '') }}	skipping	0	https://github.com/antiwork/gumroad/actions/runs/35052003340/job/104654247056	
Migration versions	pass	1m3s	https://github.com/antiwork/gumroad/actions/runs/35052002226/job/104654245134	
Typecheck TS	skipping	0	https://github.com/antiwork/gumroad/actions/runs/35052003340/job/104654247049	
Test Minitest 1	pending	0	https://github.com/antiwork/gumroad/actions/runs/35052002226/job/104654245223	
buildkite/gumroad	pending	0	https://buildkite.com/gumroad-inc/gumroad/builds/23263	Build #23263 started
Lint JS/TS	pending	0	https://github.com/antiwork/gumroad/actions/runs/35052002226/job/104654245162	
Test Minitest 0	pending	0	https://github.com/antiwork/gumroad/actions/runs/35052002226/job/104654245283	
Build images	pending	0	https://github.com/antiwork/gumroad/actions/runs/35052002226/job/104654245197	
Unblock deployment from Buildkite	skipping	0	https://github.com/antiwork/gumroad/actions/runs/35052003340/job/104654247439	
CI Gate	pass	6s	https://github.com/antiwork/gumroad/actions/runs/35052002226/job/104654200965	
Lint Ruby	pass	1m43s	https://github.com/antiwork/gumroad/actions/runs/35052002226/job/104654245189	
CI Gate (internal PR noop)	pass	5s	https://github.com/antiwork/gumroad/actions/runs/35052003340/job/104654204603	
Run scope	pass	6s	https://github.com/antiwork/gumroad/actions/runs/35052002226/job/104654245198	
Typecheck TS	pass	2m21s	https://github.com/antiwork/gumroad/actions/runs/35052002226/job/104654245200	
deploy	pass	2s	https://github.com/antiwork/gumroad/actions/runs/35052002234/job/104654200726	
Refreshing checks status every 60 seconds. Press Ctrl+C to quit.

Lint JS/TS	pending	0	https://github.com/antiwork/gumroad/actions/runs/35052002226/job/104654245162	
Test Fast 0	pending	0	https://github.com/antiwork/gumroad/actions/runs/35052002226/job/104655451656	
Test Fast 1	pending	0	https://github.com/antiwork/gumroad/actions/runs/35052002226/job/104655451645	
Test Fast 10	pending	0	https://github.com/antiwork/gumroad/actions/runs/35052002226/job/104655451662	
Test Fast 11	pending	0	https://github.com/antiwork/gumroad/actions/runs/35052002226/job/104655451655	
Test Fast 12	pending	0	https://github.com/antiwork/gumroad/actions/runs/35052002226/job/104655451709	
Test Fast 13	pending	0	https://github.com/antiwork/gumroad/actions/runs/35052002226/job/104655451711	
Test Fast 14	pending	0	https://github.com/antiwork/gumroad/actions/runs/35052002226/job/104655451719	
Test Fast 15	pending	0	https://github.com/antiwork/gumroad/actions/runs/35052002226/job/104655451729	
Test Fast 16	pending	0	https://github.com/antiwork/gumroad/actions/runs/35052002226/job/104655451715	
Test Fast 17	pending	0	https://github.com/antiwork/gumroad/actions/runs/35052002226/job/104655451681	
Test Fast 2	pending	0	https://github.com/antiwork/gumroad/actions/runs/35052002226/job/104655451710	
Test Fast 3	pending	0	https://github.com/antiwork/gumroad/actions/runs/35052002226/job/104655451700	
Test Fast 4	pending	0	https://github.com/antiwork/gumroad/actions/runs/35052002226/job/104655451698	
Test Fast 5	pending	0	https://github.com/antiwork/gumroad/actions/runs/35052002226/job/104655451663	
Test Fast 6	pending	0	https://github.com/antiwork/gumroad/actions/runs/35052002226/job/104655451667	
Test Fast 7	pending	0	https://github.com/antiwork/gumroad/actions/runs/35052002226/job/104655451669	
Test Fast 8	pending	0	https://github.com/antiwork/gumroad/actions/runs/35052002226/job/104655451782	
Test Fast 9	pending	0	https://github.com/antiwork/gumroad/actions/runs/35052002226/job/104655451666	
Test Minitest 0	pending	0	https://github.com/antiwork/gumroad/actions/runs/35052002226/job/104654245283	
Test Minitest 1	pending	0	https://github.com/antiwork/gumroad/actions/runs/35052002226/job/104654245223	
Test Slow 0	pending	0	https://github.com/antiwork/gumroad/actions/runs/35052002226/job/104655452236	
Test Slow 1	pending	0	https://github.com/antiwork/gumroad/actions/runs/35052002226/job/104655452194	
Test Slow 10	pending	0	https://github.com/antiwork/gumroad/actions/runs/35052002226/job/104655452217	
Test Slow 11	pending	0	https://github.com/antiwork/gumroad/actions/runs/35052002226/job/104655452223	
Test Slow 12	pending	0	https://github.com/antiwork/gumroad/actions/runs/35052002226/job/104655452205	
Test Slow 13	pending	0	https://github.com/antiwork/gumroad/actions/runs/35052002226/job/104655452245	
Test Slow 14	pending	0	https://github.com/antiwork/gumroad/actions/runs/35052002226/job/104655452254	
Test Slow 15	pending	0	https://github.com/antiwork/gumroad/actions/runs/35052002226/job/104655452241	
Test Slow 16	pending	0	https://github.com/antiwork/gumroad/actions/runs/35052002226/job/104655452250	
Test Slow 17	pending	0	https://github.com/antiwork/gumroad/actions/runs/35052002226/job/104655452271	
Test Slow 18	pending	0	https://github.com/antiwork/gumroad/actions/runs/35052002226/job/104655452292	
Test Slow 19	pending	0	https://github.com/antiwork/gumroad/actions/runs/35052002226/job/104655452265	
Test Slow 2	pending	0	https://github.com/antiwork/gumroad/actions/runs/35052002226/job/104655452169	
Test Slow 20	pending	0	https://github.com/antiwork/gumroad/actions/runs/35052002226/job/104655452284	
Test Slow 21	pending	0	https://github.com/antiwork/gumroad/actions/runs/35052002226/job/104655452315	
Test Slow 22	pending	0	https://github.com/antiwork/gumroad/actions/runs/35052002226/job/104655452427	
Test Slow 23	pending	0	https://github.com/antiwork/gumroad/actions/runs/35052002226/job/104655452468	
Test Slow 24	pending	0	https://github.com/antiwork/gumroad/actions/runs/35052002226/job/104655452296	
Test Slow 25	pending	0	https://github.com/antiwork/gumroad/actions/runs/35052002226/job/104655452346	
Test Slow 26	pending	0	https://github.com/antiwork/gumroad/actions/runs/35052002226/job/104655452294	
Test Slow 27	pending	0	https://github.com/antiwork/gumroad/actions/runs/35052002226/job/104655452367	
Test Slow 28	pending	0	https://github.com/antiwork/gumroad/actions/runs/35052002226/job/104655452376	
Test Slow 29	pending	0	https://github.com/antiwork/gumroad/actions/runs/35052002226/job/104655452451	
Test Slow 3	pending	0	https://github.com/antiwork/gumroad/actions/runs/35052002226/job/104655452185	
Test Slow 30	pending	0	https://github.com/antiwork/gumroad/actions/runs/35052002226/job/104655452312	
Test Slow 31	pending	0	https://github.com/antiwork/gumroad/actions/runs/35052002226/job/104655452352	
Test Slow 32	pending	0	https://github.com/antiwork/gumroad/actions/runs/35052002226/job/104655452424	
Test Slow 33	pending	0	https://github.com/antiwork/gumroad/actions/runs/35052002226/job/104655452499	
Test Slow 34	pending	0	https://github.com/antiwork/gumroad/actions/runs/35052002226/job/104655452378	
Test Slow 35	pending	0	https://github.com/antiwork/gumroad/actions/runs/35052002226/job/104655452444	
Test Slow 36	pending	0	https://github.com/antiwork/gumroad/actions/runs/35052002226/job/104655452414	
Test Slow 37	pending	0	https://github.com/antiwork/gumroad/actions/runs/35052002226/job/104655452419	
Test Slow 38	pending	0	https://github.com/antiwork/gumroad/actions/runs/35052002226/job/104655452558	
Test Slow 39	pending	0	https://github.com/antiwork/gumroad/actions/runs/35052002226/job/104655452430	
Test Slow 4	pending	0	https://github.com/antiwork/gumroad/actions/runs/35052002226/job/104655452166	
Test Slow 40	pending	0	https://github.com/antiwork/gumroad/actions/runs/35052002226/job/104655452409	
Test Slow 41	pending	0	https://github.com/antiwork/gumroad/actions/runs/35052002226/job/104655452455	
Test Slow 42	pending	0	https://github.com/antiwork/gumroad/actions/runs/35052002226/job/104655452483	
Test Slow 43	pending	0	https://github.com/antiwork/gumroad/actions/runs/35052002226/job/104655452416	
Reuse full suite	skipping	0	https://github.com/antiwork/gumroad/actions/runs/35052003340/job/104654246399	
Test Slow 47	pending	0	https://github.com/antiwork/gumroad/actions/runs/35052002226/job/104655452425	
Test Slow 8	pending	0	https://github.com/antiwork/gumroad/actions/runs/35052002226/job/104655452310	
Test Slow 48	pending	0	https://github.com/antiwork/gumroad/actions/runs/35052002226/job/104655452484	
Test Slow 45	pending	0	https://github.com/antiwork/gumroad/actions/runs/35052002226/job/104655452433	
Test Slow 49	pending	0	https://github.com/antiwork/gumroad/actions/runs/35052002226/job/104655452439	
Test Slow 44	pending	0	https://github.com/antiwork/gumroad/actions/runs/35052002226/job/104655452465	
Test Slow 5	pending	0	https://github.com/antiwork/gumroad/actions/runs/35052002226/job/104655452230	
buildkite/gumroad	pending	0	https://buildkite.com/gumroad-inc/gumroad/builds/23263	Build #23263 started
Compute relevant specs	skipping	0	https://github.com/antiwork/gumroad/actions/runs/35052002226/job/104654293094	
Build images	pass	5m58s	https://github.com/antiwork/gumroad/actions/runs/35052002226/job/104654245197	
Run scope	pass	6s	https://github.com/antiwork/gumroad/actions/runs/35052002226/job/104654245198	
Typecheck TS	pass	2m21s	https://github.com/antiwork/gumroad/actions/runs/35052002226/job/104654245200	
Lint Ruby	pass	1m43s	https://github.com/antiwork/gumroad/actions/runs/35052002226/job/104654245189	
Test Slow 9	pending	0	https://github.com/antiwork/gumroad/actions/runs/35052002226/job/104655452201	
Migration versions	pass	1m3s	https://github.com/antiwork/gumroad/actions/runs/35052002226/job/104654245134	
Test Slow 7	pending	0	https://github.com/antiwork/gumroad/actions/runs/35052002226/job/104655452212	
Test Slow 46	pending	0	https://github.com/antiwork/gumroad/actions/runs/35052002226/job/104655452384	
deploy	pass	2s	https://github.com/antiwork/gumroad/actions/runs/35052002234/job/104654200726	
CI Gate	pass	6s	https://github.com/antiwork/gumroad/actions/runs/35052002226/job/104654200965	
Build images${{ (((github.event_name == 'pull_request_target') && (github.event.pull_request.head.repo.full_name == github.repository) && ' (internal PR noop)') || '') }}	skipping	0	https://github.com/antiwork/gumroad/actions/runs/35052003340/job/104654246406	
CI Gate (internal PR noop)	pass	5s	https://github.com/antiwork/gumroad/actions/runs/35052003340/job/104654204603	
Reuse full suite	skipping	0	https://github.com/antiwork/gumroad/actions/runs/35052002226/job/104654246076	
Lint JS/TS	skipping	0	https://github.com/antiwork/gumroad/actions/runs/35052003340/job/104654246471	
Migration versions	skipping	0	https://github.com/antiwork/gumroad/actions/runs/35052003340/job/104654246953	
Compute relevant specs	skipping	0	https://github.com/antiwork/gumroad/actions/runs/35052003340/job/104654247148	
Lint Ruby	skipping	0	https://github.com/antiwork/gumroad/actions/runs/35052003340/job/104654247025	
Test Slow 6	pending	0	https://github.com/antiwork/gumroad/actions/runs/35052002226/job/104655452246	
Run scope	skipping	0	https://github.com/antiwork/gumroad/actions/runs/35052003340/job/104654246637	
Test Fast ${{ matrix.ci_node_index }}${{ (((github.event_name == 'pull_request_target') && (github.event.pull_request.head.repo.full_name == github.repository) && ' (internal PR noop)') || '') }}	skipping	0	https://github.com/antiwork/gumroad/actions/runs/35052003340/job/104654246986	
Test Minitest ${{ matrix.ci_node_index }}${{ (((github.event_name == 'pull_request_target') && (github.event.pull_request.head.repo.full_name == github.repository) && ' (internal PR noop)') || '') }}	skipping	0	https://github.com/antiwork/gumroad/actions/runs/35052003340/job/104654246950	
Test Relevant ${{ matrix.ci_node_index }}${{ (((github.event_name == 'pull_request_target') && (github.event.pull_request.head.repo.full_name == github.repository) && ' (internal PR noop)') || '') }}	skipping	0	https://github.com/antiwork/gumroad/actions/runs/35052002226/job/104655452496	
Test Relevant ${{ matrix.ci_node_index }}${{ (((github.event_name == 'pull_request_target') && (github.event.pull_request.head.repo.full_name == github.repository) && ' (internal PR noop)') || '') }}	skipping	0	https://github.com/antiwork/gumroad/actions/runs/35052003340/job/104654247748	
Test Slow ${{ matrix.ci_node_index }}${{ (((github.event_name == 'pull_request_target') && (github.event.pull_request.head.repo.full_name == github.repository) && ' (internal PR noop)') || '') }}	skipping	0	https://github.com/antiwork/gumroad/actions/runs/35052003340/job/104654247056	
Typecheck TS	skipping	0	https://github.com/antiwork/gumroad/actions/runs/35052003340/job/104654247049	
Unblock deployment from Buildkite	skipping	0	https://github.com/antiwork/gumroad/actions/runs/35052003340/job/104654247439	
Refreshing checks status every 60 seconds. Press Ctrl+C to quit.

Test Fast 0	pending	0	https://github.com/antiwork/gumroad/actions/runs/35052002226/job/104655451656	
Test Fast 1	pending	0	https://github.com/antiwork/gumroad/actions/runs/35052002226/job/104655451645	
Test Fast 10	pending	0	https://github.com/antiwork/gumroad/actions/runs/35052002226/job/104655451662	
Test Fast 11	pending	0	https://github.com/antiwork/gumroad/actions/runs/35052002226/job/104655451655	
Test Fast 12	pending	0	https://github.com/antiwork/gumroad/actions/runs/35052002226/job/104655451709	
Test Fast 13	pending	0	https://github.com/antiwork/gumroad/actions/runs/35052002226/job/104655451711	
Test Fast 14	pending	0	https://github.com/antiwork/gumroad/actions/runs/35052002226/job/104655451719	
Test Fast 15	pending	0	https://github.com/antiwork/gumroad/actions/runs/35052002226/job/104655451729	
Test Fast 16	pending	0	https://github.com/antiwork/gumroad/actions/runs/35052002226/job/104655451715	
Test Fast 17	pending	0	https://github.com/antiwork/gumroad/actions/runs/35052002226/job/104655451681	
Test Fast 2	pending	0	https://github.com/antiwork/gumroad/actions/runs/35052002226/job/104655451710	
Test Fast 3	pending	0	https://github.com/antiwork/gumroad/actions/runs/35052002226/job/104655451700	
Test Fast 4	pending	0	https://github.com/antiwork/gumroad/actions/runs/35052002226/job/104655451698	
Test Fast 5	pending	0	https://github.com/antiwork/gumroad/actions/runs/35052002226/job/104655451663	
Test Fast 6	pending	0	https://github.com/antiwork/gumroad/actions/runs/35052002226/job/104655451667	
Test Fast 7	pending	0	https://github.com/antiwork/gumroad/actions/runs/35052002226/job/104655451669	
Test Fast 8	pending	0	https://github.com/antiwork/gumroad/actions/runs/35052002226/job/104655451782	
Test Fast 9	pending	0	https://github.com/antiwork/gumroad/actions/runs/35052002226/job/104655451666	
Test Minitest 0	pending	0	https://github.com/antiwork/gumroad/actions/runs/35052002226/job/104654245283	
Test Slow 0	pending	0	https://github.com/antiwork/gumroad/actions/runs/35052002226/job/104655452236	
Test Slow 1	pending	0	https://github.com/antiwork/gumroad/actions/runs/35052002226/job/104655452194	
Test Slow 10	pending	0	https://github.com/antiwork/gumroad/actions/runs/35052002226/job/104655452217	
Test Slow 11	pending	0	https://github.com/antiwork/gumroad/actions/runs/35052002226/job/104655452223	
Test Slow 12	pending	0	https://github.com/antiwork/gumroad/actions/runs/35052002226/job/104655452205	
Test Slow 13	pending	0	https://github.com/antiwork/gumroad/actions/runs/35052002226/job/104655452245	
Test Slow 14	pending	0	https://github.com/antiwork/gumroad/actions/runs/35052002226/job/104655452254	
Test Slow 15	pending	0	https://github.com/antiwork/gumroad/actions/runs/35052002226/job/104655452241	
Test Slow 16	pending	0	https://github.com/antiwork/gumroad/actions/runs/35052002226/job/104655452250	
Test Slow 17	pending	0	https://github.com/antiwork/gumroad/actions/runs/35052002226/job/104655452271	
Test Slow 18	pending	0	https://github.com/antiwork/gumroad/actions/runs/35052002226/job/104655452292	
Test Slow 19	pending	0	https://github.com/antiwork/gumroad/actions/runs/35052002226/job/104655452265	
Test Slow 2	pending	0	https://github.com/antiwork/gumroad/actions/runs/35052002226/job/104655452169	
Test Slow 20	pending	0	https://github.com/antiwork/gumroad/actions/runs/35052002226/job/104655452284	
Test Slow 21	pending	0	https://github.com/antiwork/gumroad/actions/runs/35052002226/job/104655452315	
Test Slow 22	pending	0	https://github.com/antiwork/gumroad/actions/runs/35052002226/job/104655452427	
Test Slow 23	pending	0	https://github.com/antiwork/gumroad/actions/runs/35052002226/job/104655452468	
Test Slow 24	pending	0	https://github.com/antiwork/gumroad/actions/runs/35052002226/job/104655452296	
Test Slow 25	pending	0	https://github.com/antiwork/gumroad/actions/runs/35052002226/job/104655452346	
Test Slow 26	pending	0	https://github.com/antiwork/gumroad/actions/runs/35052002226/job/104655452294	
Test Slow 27	pending	0	https://github.com/antiwork/gumroad/actions/runs/35052002226/job/104655452367	
Test Slow 28	pending	0	https://github.com/antiwork/gumroad/actions/runs/35052002226/job/104655452376	
Test Slow 29	pending	0	https://github.com/antiwork/gumroad/actions/runs/35052002226/job/104655452451	
Test Slow 3	pending	0	https://github.com/antiwork/gumroad/actions/runs/35052002226/job/104655452185	
Test Slow 30	pending	0	https://github.com/antiwork/gumroad/actions/runs/35052002226/job/104655452312	
Test Slow 31	pending	0	https://github.com/antiwork/gumroad/actions/runs/35052002226/job/104655452352	
Test Slow 32	pending	0	https://github.com/antiwork/gumroad/actions/runs/35052002226/job/104655452424	
Test Slow 33	pending	0	https://github.com/antiwork/gumroad/actions/runs/35052002226/job/104655452499	
Test Slow 34	pending	0	https://github.com/antiwork/gumroad/actions/runs/35052002226/job/104655452378	
Test Slow 35	pending	0	https://github.com/antiwork/gumroad/actions/runs/35052002226/job/104655452444	
Test Slow 36	pending	0	https://github.com/antiwork/gumroad/actions/runs/35052002226/job/104655452414	
Test Slow 37	pending	0	https://github.com/antiwork/gumroad/actions/runs/35052002226/job/104655452419	
Test Slow 38	pending	0	https://github.com/antiwork/gumroad/actions/runs/35052002226/job/104655452558	
Test Slow 39	pending	0	https://github.com/antiwork/gumroad/actions/runs/35052002226/job/104655452430	
Test Slow 4	pending	0	https://github.com/antiwork/gumroad/actions/runs/35052002226/job/104655452166	
Test Slow 40	pending	0	https://github.com/antiwork/gumroad/actions/runs/35052002226/job/104655452409	
Test Slow 41	pending	0	https://github.com/antiwork/gumroad/actions/runs/35052002226/job/104655452455	
Test Slow 42	pending	0	https://github.com/antiwork/gumroad/actions/runs/35052002226/job/104655452483	
Test Slow 43	pending	0	https://github.com/antiwork/gumroad/actions/runs/35052002226/job/104655452416	
Test Slow 44	pending	0	https://github.com/antiwork/gumroad/actions/runs/35052002226/job/104655452465	
Test Slow 45	pending	0	https://github.com/antiwork/gumroad/actions/runs/35052002226/job/104655452433	
Test Slow 46	pending	0	https://github.com/antiwork/gumroad/actions/runs/35052002226/job/104655452384	
Test Slow 47	pending	0	https://github.com/antiwork/gumroad/actions/runs/35052002226/job/104655452425	
Test Slow 48	pending	0	https://github.com/antiwork/gumroad/actions/runs/35052002226/job/104655452484	
Compute relevant specs	skipping	0	https://github.com/antiwork/gumroad/actions/runs/35052003340/job/104654247148	
Test Slow 7	pending	0	https://github.com/antiwork/gumroad/actions/runs/35052002226/job/104655452212	
Test Slow 8	pending	0	https://github.com/antiwork/gumroad/actions/runs/35052002226/job/104655452310	
Test Slow 6	pending	0	https://github.com/antiwork/gumroad/actions/runs/35052002226/job/104655452246	
Test Slow 5	pending	0	https://github.com/antiwork/gumroad/actions/runs/35052002226/job/104655452230	
buildkite/gumroad	pending	0	https://buildkite.com/gumroad-inc/gumroad/builds/23263	Build #23263 started
Compute relevant specs	skipping	0	https://github.com/antiwork/gumroad/actions/runs/35052002226/job/104654293094	
Build images	pass	5m58s	https://github.com/antiwork/gumroad/actions/runs/35052002226/job/104654245197	
Run scope	pass	6s	https://github.com/antiwork/gumroad/actions/runs/35052002226/job/104654245198	
Build images${{ (((github.event_name == 'pull_request_target') && (github.event.pull_request.head.repo.full_name == github.repository) && ' (internal PR noop)') || '') }}	skipping	0	https://github.com/antiwork/gumroad/actions/runs/35052003340/job/104654246406	
Lint Ruby	pass	1m43s	https://github.com/antiwork/gumroad/actions/runs/35052002226/job/104654245189	
Lint JS/TS	pass	6m48s	https://github.com/antiwork/gumroad/actions/runs/35052002226/job/104654245162	
Migration versions	pass	1m3s	https://github.com/antiwork/gumroad/actions/runs/35052002226/job/104654245134	
Test Slow 9	pending	0	https://github.com/antiwork/gumroad/actions/runs/35052002226/job/104655452201	
Test Minitest 1	pass	7m44s	https://github.com/antiwork/gumroad/actions/runs/35052002226/job/104654245223	
Test Slow 49	pending	0	https://github.com/antiwork/gumroad/actions/runs/35052002226/job/104655452439	
deploy	pass	2s	https://github.com/antiwork/gumroad/actions/runs/35052002234/job/104654200726	
Typecheck TS	pass	2m21s	https://github.com/antiwork/gumroad/actions/runs/35052002226/job/104654245200	
CI Gate	pass	6s	https://github.com/antiwork/gumroad/actions/runs/35052002226/job/104654200965	
CI Gate (internal PR noop)	pass	5s	https://github.com/antiwork/gumroad/actions/runs/35052003340/job/104654204603	
Test Minitest ${{ matrix.ci_node_index }}${{ (((github.event_name == 'pull_request_target') && (github.event.pull_request.head.repo.full_name == github.repository) && ' (internal PR noop)') || '') }}	skipping	0	https://github.com/antiwork/gumroad/actions/runs/35052003340/job/104654246950	
Lint JS/TS	skipping	0	https://github.com/antiwork/gumroad/actions/runs/35052003340/job/104654246471	
Reuse full suite	skipping	0	https://github.com/antiwork/gumroad/actions/runs/35052003340/job/104654246399	
Lint Ruby	skipping	0	https://github.com/antiwork/gumroad/actions/runs/35052003340/job/104654247025	
Migration versions	skipping	0	https://github.com/antiwork/gumroad/actions/runs/35052003340/job/104654246953	
Test Fast ${{ matrix.ci_node_index }}${{ (((github.event_name == 'pull_request_target') && (github.event.pull_request.head.repo.full_name == github.repository) && ' (internal PR noop)') || '') }}	skipping	0	https://github.com/antiwork/gumroad/actions/runs/35052003340/job/104654246986	
Run scope	skipping	0	https://github.com/antiwork/gumroad/actions/runs/35052003340/job/104654246637	
Reuse full suite	skipping	0	https://github.com/antiwork/gumroad/actions/runs/35052002226/job/104654246076	
Test Relevant ${{ matrix.ci_node_index }}${{ (((github.event_name == 'pull_request_target') && (github.event.pull_request.head.repo.full_name == github.repository) && ' (internal PR noop)') || '') }}	skipping	0	https://github.com/antiwork/gumroad/actions/runs/35052002226/job/104655452496	
Test Relevant ${{ matrix.ci_node_index }}${{ (((github.event_name == 'pull_request_target') && (github.event.pull_request.head.repo.full_name == github.repository) && ' (internal PR noop)') || '') }}	skipping	0	https://github.com/antiwork/gumroad/actions/runs/35052003340/job/104654247748	
Test Slow ${{ matrix.ci_node_index }}${{ (((github.event_name == 'pull_request_target') && (github.event.pull_request.head.repo.full_name == github.repository) && ' (internal PR noop)') || '') }}	skipping	0	https://github.com/antiwork/gumroad/actions/runs/35052003340/job/104654247056	
Typecheck TS	skipping	0	https://github.com/antiwork/gumroad/actions/runs/35052003340/job/104654247049	
Unblock deployment from Buildkite	skipping	0	https://github.com/antiwork/gumroad/actions/runs/35052003340/job/104654247439	
Refreshing checks status every 60 seconds. Press Ctrl+C to quit.

Test Fast 0	pending	0	https://github.com/antiwork/gumroad/actions/runs/35052002226/job/104655451656	
Test Fast 1	pending	0	https://github.com/antiwork/gumroad/actions/runs/35052002226/job/104655451645	
Test Fast 10	pending	0	https://github.com/antiwork/gumroad/actions/runs/35052002226/job/104655451662	
Test Fast 11	pending	0	https://github.com/antiwork/gumroad/actions/runs/35052002226/job/104655451655	
Test Fast 12	pending	0	https://github.com/antiwork/gumroad/actions/runs/35052002226/job/104655451709	
Test Fast 13	pending	0	https://github.com/antiwork/gumroad/actions/runs/35052002226/job/104655451711	
Test Fast 14	pending	0	https://github.com/antiwork/gumroad/actions/runs/35052002226/job/104655451719	
Test Fast 15	pending	0	https://github.com/antiwork/gumroad/actions/runs/35052002226/job/104655451729	
Test Fast 16	pending	0	https://github.com/antiwork/gumroad/actions/runs/35052002226/job/104655451715	
Test Fast 17	pending	0	https://github.com/antiwork/gumroad/actions/runs/35052002226/job/104655451681	
Test Fast 2	pending	0	https://github.com/antiwork/gumroad/actions/runs/35052002226/job/104655451710	
Test Fast 3	pending	0	https://github.com/antiwork/gumroad/actions/runs/35052002226/job/104655451700	
Test Fast 4	pending	0	https://github.com/antiwork/gumroad/actions/runs/35052002226/job/104655451698	
Test Fast 5	pending	0	https://github.com/antiwork/gumroad/actions/runs/35052002226/job/104655451663	
Test Fast 6	pending	0	https://github.com/antiwork/gumroad/actions/runs/35052002226/job/104655451667	
Test Fast 7	pending	0	https://github.com/antiwork/gumroad/actions/runs/35052002226/job/104655451669	
Test Fast 8	pending	0	https://github.com/antiwork/gumroad/actions/runs/35052002226/job/104655451782	
Test Fast 9	pending	0	https://github.com/antiwork/gumroad/actions/runs/35052002226/job/104655451666	
Test Minitest 0	pending	0	https://github.com/antiwork/gumroad/actions/runs/35052002226/job/104654245283	
Test Slow 0	pending	0	https://github.com/antiwork/gumroad/actions/runs/35052002226/job/104655452236	
Test Slow 1	pending	0	https://github.com/antiwork/gumroad/actions/runs/35052002226/job/104655452194	
Test Slow 10	pending	0	https://github.com/antiwork/gumroad/actions/runs/35052002226/job/104655452217	
Test Slow 11	pending	0	https://github.com/antiwork/gumroad/actions/runs/35052002226/job/104655452223	
Test Slow 12	pending	0	https://github.com/antiwork/gumroad/actions/runs/35052002226/job/104655452205	
Test Slow 13	pending	0	https://github.com/antiwork/gumroad/actions/runs/35052002226/job/104655452245	
Test Slow 14	pending	0	https://github.com/antiwork/gumroad/actions/runs/35052002226/job/104655452254	
Test Slow 15	pending	0	https://github.com/antiwork/gumroad/actions/runs/35052002226/job/104655452241	
Test Slow 16	pending	0	https://github.com/antiwork/gumroad/actions/runs/35052002226/job/104655452250	
Test Slow 17	pending	0	https://github.com/antiwork/gumroad/actions/runs/35052002226/job/104655452271	
Test Slow 18	pending	0	https://github.com/antiwork/gumroad/actions/runs/35052002226/job/104655452292	
Test Slow 19	pending	0	https://github.com/antiwork/gumroad/actions/runs/35052002226/job/104655452265	
Test Slow 2	pending	0	https://github.com/antiwork/gumroad/actions/runs/35052002226/job/104655452169	
Test Slow 20	pending	0	https://github.com/antiwork/gumroad/actions/runs/35052002226/job/104655452284	
Test Slow 21	pending	0	https://github.com/antiwork/gumroad/actions/runs/35052002226/job/104655452315	
Test Slow 22	pending	0	https://github.com/antiwork/gumroad/actions/runs/35052002226/job/104655452427	
Test Slow 23	pending	0	https://github.com/antiwork/gumroad/actions/runs/35052002226/job/104655452468	
Test Slow 24	pending	0	https://github.com/antiwork/gumroad/actions/runs/35052002226/job/104655452296	
Test Slow 25	pending	0	https://github.com/antiwork/gumroad/actions/runs/35052002226/job/104655452346	
Test Slow 26	pending	0	https://github.com/antiwork/gumroad/actions/runs/35052002226/job/104655452294	
Test Slow 27	pending	0	https://github.com/antiwork/gumroad/actions/runs/35052002226/job/104655452367	
Test Slow 28	pending	0	https://github.com/antiwork/gumroad/actions/runs/35052002226/job/104655452376	
Test Slow 29	pending	0	https://github.com/antiwork/gumroad/actions/runs/35052002226/job/104655452451	
Test Slow 3	pending	0	https://github.com/antiwork/gumroad/actions/runs/35052002226/job/104655452185	
Test Slow 30	pending	0	https://github.com/antiwork/gumroad/actions/runs/35052002226/job/104655452312	
Test Slow 31	pending	0	https://github.com/antiwork/gumroad/actions/runs/35052002226/job/104655452352	
Test Slow 32	pending	0	https://github.com/antiwork/gumroad/actions/runs/35052002226/job/104655452424	
Test Slow 33	pending	0	https://github.com/antiwork/gumroad/actions/runs/35052002226/job/104655452499	
Test Slow 34	pending	0	https://github.com/antiwork/gumroad/actions/runs/35052002226/job/104655452378	
Test Slow 35	pending	0	https://github.com/antiwork/gumroad/actions/runs/35052002226/job/104655452444	
Test Slow 36	pending	0	https://github.com/antiwork/gumroad/actions/runs/35052002226/job/104655452414	
Test Slow 37	pending	0	https://github.com/antiwork/gumroad/actions/runs/35052002226/job/104655452419	
Test Slow 38	pending	0	https://github.com/antiwork/gumroad/actions/runs/35052002226/job/104655452558	
Test Slow 39	pending	0	https://github.com/antiwork/gumroad/actions/runs/35052002226/job/104655452430	
Test Slow 4	pending	0	https://github.com/antiwork/gumroad/actions/runs/35052002226/job/104655452166	
Test Slow 40	pending	0	https://github.com/antiwork/gumroad/actions/runs/35052002226/job/104655452409	
Test Slow 41	pending	0	https://github.com/antiwork/gumroad/actions/runs/35052002226/job/104655452455	
Test Slow 42	pending	0	https://github.com/antiwork/gumroad/actions/runs/35052002226/job/104655452483	
Test Slow 43	pending	0	https://github.com/antiwork/gumroad/actions/runs/35052002226/job/104655452416	
Test Slow 44	pending	0	https://github.com/antiwork/gumroad/actions/runs/35052002226/job/104655452465	
Test Slow 45	pending	0	https://github.com/antiwork/gumroad/actions/runs/35052002226/job/104655452433	
Test Slow 46	pending	0	https://github.com/antiwork/gumroad/actions/runs/35052002226/job/104655452384	
Test Slow 47	pending	0	https://github.com/antiwork/gumroad/actions/runs/35052002226/job/104655452425	
Test Slow 48	pending	0	https://github.com/antiwork/gumroad/actions/runs/35052002226/job/104655452484	
Compute relevant specs	skipping	0	https://github.com/antiwork/gumroad/actions/runs/35052003340/job/104654247148	
Test Slow 7	pending	0	https://github.com/antiwork/gumroad/actions/runs/35052002226/job/104655452212	
Test Slow 8	pending	0	https://github.com/antiwork/gumroad/actions/runs/35052002226/job/104655452310	
Test Slow 6	pending	0	https://github.com/antiwork/gumroad/actions/runs/35052002226/job/104655452246	
Test Slow 5	pending	0	https://github.com/antiwork/gumroad/actions/runs/35052002226/job/104655452230	
buildkite/gumroad	pass	0	https://buildkite.com/gumroad-inc/gumroad/builds/23263	Build #23263 passed (8 minutes, 4 seconds)
Compute relevant specs	skipping	0	https://github.com/antiwork/gumroad/actions/runs/35052002226/job/104654293094	
Build images	pass	5m58s	https://github.com/antiwork/gumroad/actions/runs/35052002226/job/104654245197	
Run scope	pass	6s	https://github.com/antiwork/gumroad/actions/runs/35052002226/job/104654245198	
Build images${{ (((github.event_name == 'pull_request_target') && (github.event.pull_request.head.repo.full_name == github.repository) && ' (internal PR noop)') || '') }}	skipping	0	https://github.com/antiwork/gumroad/actions/runs/35052003340/job/104654246406	
Lint Ruby	pass	1m43s	https://github.com/antiwork/gumroad/actions/runs/35052002226/job/104654245189	
Lint JS/TS	pass	6m48s	https://github.com/antiwork/gumroad/actions/runs/35052002226/job/104654245162	
Migration versions	pass	1m3s	https://github.com/antiwork/gumroad/actions/runs/35052002226/job/104654245134	
Test Slow 9	pending	0	https://github.com/antiwork/gumroad/actions/runs/35052002226/job/104655452201	
Test Minitest 1	pass	7m44s	https://github.com/antiwork/gumroad/actions/runs/35052002226/job/104654245223	
Test Slow 49	pending	0	https://github.com/antiwork/gumroad/actions/runs/35052002226/job/104655452439	
deploy	pass	2s	https://github.com/antiwork/gumroad/actions/runs/35052002234/job/104654200726	
Typecheck TS	pass	2m21s	https://github.com/antiwork/gumroad/actions/runs/35052002226/job/104654245200	
CI Gate	pass	6s	https://github.com/antiwork/gumroad/actions/runs/35052002226/job/104654200965	
CI Gate (internal PR noop)	pass	5s	https://github.com/antiwork/gumroad/actions/runs/35052003340/job/104654204603	
Test Minitest ${{ matrix.ci_node_index }}${{ (((github.event_name == 'pull_request_target') && (github.event.pull_request.head.repo.full_name == github.repository) && ' (internal PR noop)') || '') }}	skipping	0	https://github.com/antiwork/gumroad/actions/runs/35052003340/job/104654246950	
Lint JS/TS	skipping	0	https://github.com/antiwork/gumroad/actions/runs/35052003340/job/104654246471	
Reuse full suite	skipping	0	https://github.com/antiwork/gumroad/actions/runs/35052003340/job/104654246399	
Lint Ruby	skipping	0	https://github.com/antiwork/gumroad/actions/runs/35052003340/job/104654247025	
Migration versions	skipping	0	https://github.com/antiwork/gumroad/actions/runs/35052003340/job/104654246953	
Test Fast ${{ matrix.ci_node_index }}${{ (((github.event_name == 'pull_request_target') && (github.event.pull_request.head.repo.full_name == github.repository) && ' (internal PR noop)') || '') }}	skipping	0	https://github.com/antiwork/gumroad/actions/runs/35052003340/job/104654246986	
Run scope	skipping	0	https://github.com/antiwork/gumroad/actions/runs/35052003340/job/104654246637	
Reuse full suite	skipping	0	https://github.com/antiwork/gumroad/actions/runs/35052002226/job/104654246076	
Test Relevant ${{ matrix.ci_node_index }}${{ (((github.event_name == 'pull_request_target') && (github.event.pull_request.head.repo.full_name == github.repository) && ' (internal PR noop)') || '') }}	skipping	0	https://github.com/antiwork/gumroad/actions/runs/35052002226/job/104655452496	
Test Relevant ${{ matrix.ci_node_index }}${{ (((github.event_name == 'pull_request_target') && (github.event.pull_request.head.repo.full_name == github.repository) && ' (internal PR noop)') || '') }}	skipping	0	https://github.com/antiwork/gumroad/actions/runs/35052003340/job/104654247748	
Test Slow ${{ matrix.ci_node_index }}${{ (((github.event_name == 'pull_request_target') && (github.event.pull_request.head.repo.full_name == github.repository) && ' (internal PR noop)') || '') }}	skipping	0	https://github.com/antiwork/gumroad/actions/runs/35052003340/job/104654247056	
Typecheck TS	skipping	0	https://github.com/antiwork/gumroad/actions/runs/35052003340/job/104654247049	
Unblock deployment from Buildkite	skipping	0	https://github.com/antiwork/gumroad/actions/runs/35052003340/job/104654247439	
Refreshing checks status every 60 seconds. Press Ctrl+C to quit.

Test Fast 0	pending	0	https://github.com/antiwork/gumroad/actions/runs/35052002226/job/104655451656	
Test Fast 1	pending	0	https://github.com/antiwork/gumroad/actions/runs/35052002226/job/104655451645	
Test Fast 10	pending	0	https://github.com/antiwork/gumroad/actions/runs/35052002226/job/104655451662	
Test Fast 11	pending	0	https://github.com/antiwork/gumroad/actions/runs/35052002226/job/104655451655	
Test Fast 12	pending	0	https://github.com/antiwork/gumroad/actions/runs/35052002226/job/104655451709	
Test Fast 13	pending	0	https://github.com/antiwork/gumroad/actions/runs/35052002226/job/104655451711	
Test Fast 14	pending	0	https://github.com/antiwork/gumroad/actions/runs/35052002226/job/104655451719	
Test Fast 15	pending	0	https://github.com/antiwork/gumroad/actions/runs/35052002226/job/104655451729	
Test Fast 16	pending	0	https://github.com/antiwork/gumroad/actions/runs/35052002226/job/104655451715	
Test Fast 17	pending	0	https://github.com/antiwork/gumroad/actions/runs/35052002226/job/104655451681	
Test Fast 2	pending	0	https://github.com/antiwork/gumroad/actions/runs/35052002226/job/104655451710	
Test Fast 3	pending	0	https://github.com/antiwork/gumroad/actions/runs/35052002226/job/104655451700	
Test Fast 4	pending	0	https://github.com/antiwork/gumroad/actions/runs/35052002226/job/104655451698	
Test Fast 5	pending	0	https://github.com/antiwork/gumroad/actions/runs/35052002226/job/104655451663	
Test Fast 6	pending	0	https://github.com/antiwork/gumroad/actions/runs/35052002226/job/104655451667	
Test Fast 7	pending	0	https://github.com/antiwork/gumroad/actions/runs/35052002226/job/104655451669	
Test Fast 8	pending	0	https://github.com/antiwork/gumroad/actions/runs/35052002226/job/104655451782	
Test Fast 9	pending	0	https://github.com/antiwork/gumroad/actions/runs/35052002226/job/104655451666	
Test Slow 0	pending	0	https://github.com/antiwork/gumroad/actions/runs/35052002226/job/104655452236	
Test Slow 1	pending	0	https://github.com/antiwork/gumroad/actions/runs/35052002226/job/104655452194	
Test Slow 10	pending	0	https://github.com/antiwork/gumroad/actions/runs/35052002226/job/104655452217	
Test Slow 11	pending	0	https://github.com/antiwork/gumroad/actions/runs/35052002226/job/104655452223	
Test Slow 12	pending	0	https://github.com/antiwork/gumroad/actions/runs/35052002226/job/104655452205	
Test Slow 13	pending	0	https://github.com/antiwork/gumroad/actions/runs/35052002226/job/104655452245	
Test Slow 14	pending	0	https://github.com/antiwork/gumroad/actions/runs/35052002226/job/104655452254	
Test Slow 15	pending	0	https://github.com/antiwork/gumroad/actions/runs/35052002226/job/104655452241	
Test Slow 16	pending	0	https://github.com/antiwork/gumroad/actions/runs/35052002226/job/104655452250	
Test Slow 17	pending	0	https://github.com/antiwork/gumroad/actions/runs/35052002226/job/104655452271	
Test Slow 18	pending	0	https://github.com/antiwork/gumroad/actions/runs/35052002226/job/104655452292	
Test Slow 19	pending	0	https://github.com/antiwork/gumroad/actions/runs/35052002226/job/104655452265	
Test Slow 2	pending	0	https://github.com/antiwork/gumroad/actions/runs/35052002226/job/104655452169	
Test Slow 20	pending	0	https://github.com/antiwork/gumroad/actions/runs/35052002226/job/104655452284	
Test Slow 21	pending	0	https://github.com/antiwork/gumroad/actions/runs/35052002226/job/104655452315	
Test Slow 22	pending	0	https://github.com/antiwork/gumroad/actions/runs/35052002226/job/104655452427	
Test Slow 23	pending	0	https://github.com/antiwork/gumroad/actions/runs/35052002226/job/104655452468	
Test Slow 24	pending	0	https://github.com/antiwork/gumroad/actions/runs/35052002226/job/104655452296	
Test Slow 25	pending	0	https://github.com/antiwork/gumroad/actions/runs/35052002226/job/104655452346	
Test Slow 26	pending	0	https://github.com/antiwork/gumroad/actions/runs/35052002226/job/104655452294	
Test Slow 27	pending	0	https://github.com/antiwork/gumroad/actions/runs/35052002226/job/104655452367	
Test Slow 28	pending	0	https://github.com/antiwork/gumroad/actions/runs/35052002226/job/104655452376	
Test Slow 29	pending	0	https://github.com/antiwork/gumroad/actions/runs/35052002226/job/104655452451	
Test Slow 3	pending	0	https://github.com/antiwork/gumroad/actions/runs/35052002226/job/104655452185	
Test Slow 30	pending	0	https://github.com/antiwork/gumroad/actions/runs/35052002226/job/104655452312	
Test Slow 31	pending	0	https://github.com/antiwork/gumroad/actions/runs/35052002226/job/104655452352	
Test Slow 32	pending	0	https://github.com/antiwork/gumroad/actions/runs/35052002226/job/104655452424	
Test Slow 33	pending	0	https://github.com/antiwork/gumroad/actions/runs/35052002226/job/104655452499	
Test Slow 34	pending	0	https://github.com/antiwork/gumroad/actions/runs/35052002226/job/104655452378	
Test Slow 35	pending	0	https://github.com/antiwork/gumroad/actions/runs/35052002226/job/104655452444	
Test Slow 36	pending	0	https://github.com/antiwork/gumroad/actions/runs/35052002226/job/104655452414	
Test Slow 37	pending	0	https://github.com/antiwork/gumroad/actions/runs/35052002226/job/104655452419	
Test Slow 38	pending	0	https://github.com/antiwork/gumroad/actions/runs/35052002226/job/104655452558	
Test Slow 39	pending	0	https://github.com/antiwork/gumroad/actions/runs/35052002226/job/104655452430	
Test Slow 4	pending	0	https://github.com/antiwork/gumroad/actions/runs/35052002226/job/104655452166	
Test Slow 40	pending	0	https://github.com/antiwork/gumroad/actions/runs/35052002226/job/104655452409	
Test Slow 41	pending	0	https://github.com/antiwork/gumroad/actions/runs/35052002226/job/104655452455	
Test Slow 42	pending	0	https://github.com/antiwork/gumroad/actions/runs/35052002226/job/104655452483	
Test Slow 43	pending	0	https://github.com/antiwork/gumroad/actions/runs/35052002226/job/104655452416	
Test Slow 44	pending	0	https://github.com/antiwork/gumroad/actions/runs/35052002226/job/104655452465	
Test Minitest 1	pass	7m44s	https://github.com/antiwork/gumroad/actions/runs/35052002226/job/104654245223	
Test Slow 9	pending	0	https://github.com/antiwork/gumroad/actions/runs/35052002226/job/104655452201	
Test Slow 48	pending	0	https://github.com/antiwork/gumroad/actions/runs/35052002226/job/104655452484	
Test Slow 45	pending	0	https://github.com/antiwork/gumroad/actions/runs/35052002226/job/104655452433	
Test Slow 49	pending	0	https://github.com/antiwork/gumroad/actions/runs/35052002226/job/104655452439	
Test Slow 5	pending	0	https://github.com/antiwork/gumroad/actions/runs/35052002226/job/104655452230	
Test Slow 8	pending	0	https://github.com/antiwork/gumroad/actions/runs/35052002226/job/104655452310	
Test Slow 6	pending	0	https://github.com/antiwork/gumroad/actions/runs/35052002226/job/104655452246	
Test Slow 46	pending	0	https://github.com/antiwork/gumroad/actions/runs/35052002226/job/104655452384	
Test Slow 7	pending	0	https://github.com/antiwork/gumroad/actions/runs/35052002226/job/104655452212	
Test Relevant ${{ matrix.ci_node_index }}${{ (((github.event_name == 'pull_request_target') && (github.event.pull_request.head.repo.full_name == github.repository) && ' (internal PR noop)') || '') }}	skipping	0	https://github.com/antiwork/gumroad/actions/runs/35052002226/job/104655452496	
Compute relevant specs	skipping	0	https://github.com/antiwork/gumroad/actions/runs/35052002226/job/104654293094	
Build images	pass	5m58s	https://github.com/antiwork/gumroad/actions/runs/35052002226/job/104654245197	
Run scope	pass	6s	https://github.com/antiwork/gumroad/actions/runs/35052002226/job/104654245198	
CI Gate	pass	6s	https://github.com/antiwork/gumroad/actions/runs/35052002226/job/104654200965	
Lint Ruby	pass	1m43s	https://github.com/antiwork/gumroad/actions/runs/35052002226/job/104654245189	
Lint JS/TS	pass	6m48s	https://github.com/antiwork/gumroad/actions/runs/35052002226/job/104654245162	
Migration versions	pass	1m3s	https://github.com/antiwork/gumroad/actions/runs/35052002226/job/104654245134	
Test Slow 47	pending	0	https://github.com/antiwork/gumroad/actions/runs/35052002226/job/104655452425	
Test Minitest 0	pass	9m5s	https://github.com/antiwork/gumroad/actions/runs/35052002226/job/104654245283	
Run scope	skipping	0	https://github.com/antiwork/gumroad/actions/runs/35052003340/job/104654246637	
Compute relevant specs	skipping	0	https://github.com/antiwork/gumroad/actions/runs/35052003340/job/104654247148	
Test Minitest ${{ matrix.ci_node_index }}${{ (((github.event_name == 'pull_request_target') && (github.event.pull_request.head.repo.full_name == github.repository) && ' (internal PR noop)') || '') }}	skipping	0	https://github.com/antiwork/gumroad/actions/runs/35052003340/job/104654246950	
Typecheck TS	skipping	0	https://github.com/antiwork/gumroad/actions/runs/35052003340/job/104654247049	
Build images${{ (((github.event_name == 'pull_request_target') && (github.event.pull_request.head.repo.full_name == github.repository) && ' (internal PR noop)') || '') }}	skipping	0	https://github.com/antiwork/gumroad/actions/runs/35052003340/job/104654246406	
Unblock deployment from Buildkite	skipping	0	https://github.com/antiwork/gumroad/actions/runs/35052003340/job/104654247439	
Lint JS/TS	skipping	0	https://github.com/antiwork/gumroad/actions/runs/35052003340/job/104654246471	
Reuse full suite	skipping	0	https://github.com/antiwork/gumroad/actions/runs/35052003340/job/104654246399	
Lint Ruby	skipping	0	https://github.com/antiwork/gumroad/actions/runs/35052003340/job/104654247025	
Test Slow ${{ matrix.ci_node_index }}${{ (((github.event_name == 'pull_request_target') && (github.event.pull_request.head.repo.full_name == github.repository) && ' (internal PR noop)') || '') }}	skipping	0	https://github.com/antiwork/gumroad/actions/runs/35052003340/job/104654247056	
Test Relevant ${{ matrix.ci_node_index }}${{ (((github.event_name == 'pull_request_target') && (github.event.pull_request.head.repo.full_name == github.repository) && ' (internal PR noop)') || '') }}	skipping	0	https://github.com/antiwork/gumroad/actions/runs/35052003340/job/104654247748	
Migration versions	skipping	0	https://github.com/antiwork/gumroad/actions/runs/35052003340/job/104654246953	
Test Fast ${{ matrix.ci_node_index }}${{ (((github.event_name == 'pull_request_target') && (github.event.pull_request.head.repo.full_name == github.repository) && ' (internal PR noop)') || '') }}	skipping	0	https://github.com/antiwork/gumroad/actions/runs/35052003340/job/104654246986	
Reuse full suite	skipping	0	https://github.com/antiwork/gumroad/actions/runs/35052002226/job/104654246076	
CI Gate (internal PR noop)	pass	5s	https://github.com/antiwork/gumroad/actions/runs/35052003340/job/104654204603	
Typecheck TS	pass	2m21s	https://github.com/antiwork/gumroad/actions/runs/35052002226/job/104654245200	
buildkite/gumroad	pass	0	https://buildkite.com/gumroad-inc/gumroad/builds/23263	Build #23263 passed (8 minutes, 4 seconds)
deploy	pass	2s	https://github.com/antiwork/gumroad/actions/runs/35052002234/job/104654200726	
Refreshing checks status every 60 seconds. Press Ctrl+C to quit.

Test Fast 0	pending	0	https://github.com/antiwork/gumroad/actions/runs/35052002226/job/104655451656	
Test Fast 1	pending	0	https://github.com/antiwork/gumroad/actions/runs/35052002226/job/104655451645	
Test Fast 10	pending	0	https://github.com/antiwork/gumroad/actions/runs/35052002226/job/104655451662	
Test Fast 11	pending	0	https://github.com/antiwork/gumroad/actions/runs/35052002226/job/104655451655	
Test Fast 12	pending	0	https://github.com/antiwork/gumroad/actions/runs/35052002226/job/104655451709	
Test Fast 13	pending	0	https://github.com/antiwork/gumroad/actions/runs/35052002226/job/104655451711	
Test Fast 14	pending	0	https://github.com/antiwork/gumroad/actions/runs/35052002226/job/104655451719	
Test Fast 15	pending	0	https://github.com/antiwork/gumroad/actions/runs/35052002226/job/104655451729	
Test Fast 16	pending	0	https://github.com/antiwork/gumroad/actions/runs/35052002226/job/104655451715	
Test Fast 17	pending	0	https://github.com/antiwork/gumroad/actions/runs/35052002226/job/104655451681	
Test Fast 2	pending	0	https://github.com/antiwork/gumroad/actions/runs/35052002226/job/104655451710	
Test Fast 3	pending	0	https://github.com/antiwork/gumroad/actions/runs/35052002226/job/104655451700	
Test Fast 4	pending	0	https://github.com/antiwork/gumroad/actions/runs/35052002226/job/104655451698	
Test Fast 5	pending	0	https://github.com/antiwork/gumroad/actions/runs/35052002226/job/104655451663	
Test Fast 6	pending	0	https://github.com/antiwork/gumroad/actions/runs/35052002226/job/104655451667	
Test Fast 7	pending	0	https://github.com/antiwork/gumroad/actions/runs/35052002226/job/104655451669	
Test Fast 8	pending	0	https://github.com/antiwork/gumroad/actions/runs/35052002226/job/104655451782	
Test Fast 9	pending	0	https://github.com/antiwork/gumroad/actions/runs/35052002226/job/104655451666	
Test Slow 0	pending	0	https://github.com/antiwork/gumroad/actions/runs/35052002226/job/104655452236	
Test Slow 1	pending	0	https://github.com/antiwork/gumroad/actions/runs/35052002226/job/104655452194	
Test Slow 10	pending	0	https://github.com/antiwork/gumroad/actions/runs/35052002226/job/104655452217	
Test Slow 11	pending	0	https://github.com/antiwork/gumroad/actions/runs/35052002226/job/104655452223	
Test Slow 12	pending	0	https://github.com/antiwork/gumroad/actions/runs/35052002226/job/104655452205	
Test Slow 13	pending	0	https://github.com/antiwork/gumroad/actions/runs/35052002226/job/104655452245	
Test Slow 14	pending	0	https://github.com/antiwork/gumroad/actions/runs/35052002226/job/104655452254	
Test Slow 15	pending	0	https://github.com/antiwork/gumroad/actions/runs/35052002226/job/104655452241	
Test Slow 16	pending	0	https://github.com/antiwork/gumroad/actions/runs/35052002226/job/104655452250	
Test Slow 17	pending	0	https://github.com/antiwork/gumroad/actions/runs/35052002226/job/104655452271	
Test Slow 18	pending	0	https://github.com/antiwork/gumroad/actions/runs/35052002226/job/104655452292	
Test Slow 19	pending	0	https://github.com/antiwork/gumroad/actions/runs/35052002226/job/104655452265	
Test Slow 2	pending	0	https://github.com/antiwork/gumroad/actions/runs/35052002226/job/104655452169	
Test Slow 20	pending	0	https://github.com/antiwork/gumroad/actions/runs/35052002226/job/104655452284	
Test Slow 21	pending	0	https://github.com/antiwork/gumroad/actions/runs/35052002226/job/104655452315	
Test Slow 22	pending	0	https://github.com/antiwork/gumroad/actions/runs/35052002226/job/104655452427	
Test Slow 23	pending	0	https://github.com/antiwork/gumroad/actions/runs/35052002226/job/104655452468	
Test Slow 24	pending	0	https://github.com/antiwork/gumroad/actions/runs/35052002226/job/104655452296	
Test Slow 25	pending	0	https://github.com/antiwork/gumroad/actions/runs/35052002226/job/104655452346	
Test Slow 26	pending	0	https://github.com/antiwork/gumroad/actions/runs/35052002226/job/104655452294	
Test Slow 27	pending	0	https://github.com/antiwork/gumroad/actions/runs/35052002226/job/104655452367	
Test Slow 28	pending	0	https://github.com/antiwork/gumroad/actions/runs/35052002226/job/104655452376	
Test Slow 29	pending	0	https://github.com/antiwork/gumroad/actions/runs/35052002226/job/104655452451	
Test Slow 3	pending	0	https://github.com/antiwork/gumroad/actions/runs/35052002226/job/104655452185	
Test Slow 30	pending	0	https://github.com/antiwork/gumroad/actions/runs/35052002226/job/104655452312	
Test Slow 31	pending	0	https://github.com/antiwork/gumroad/actions/runs/35052002226/job/104655452352	
Test Slow 32	pending	0	https://github.com/antiwork/gumroad/actions/runs/35052002226/job/104655452424	
Test Slow 33	pending	0	https://github.com/antiwork/gumroad/actions/runs/35052002226/job/104655452499	
Test Slow 34	pending	0	https://github.com/antiwork/gumroad/actions/runs/35052002226/job/104655452378	
Test Slow 35	pending	0	https://github.com/antiwork/gumroad/actions/runs/35052002226/job/104655452444	
Test Slow 36	pending	0	https://github.com/antiwork/gumroad/actions/runs/35052002226/job/104655452414	
Test Slow 37	pending	0	https://github.com/antiwork/gumroad/actions/runs/35052002226/job/104655452419	
Test Slow 38	pending	0	https://github.com/antiwork/gumroad/actions/runs/35052002226/job/104655452558	
Test Slow 39	pending	0	https://github.com/antiwork/gumroad/actions/runs/35052002226/job/104655452430	
Test Slow 4	pending	0	https://github.com/antiwork/gumroad/actions/runs/35052002226/job/104655452166	
Test Slow 40	pending	0	https://github.com/antiwork/gumroad/actions/runs/35052002226/job/104655452409	
Test Slow 41	pending	0	https://github.com/antiwork/gumroad/actions/runs/35052002226/job/104655452455	
Test Slow 42	pending	0	https://github.com/antiwork/gumroad/actions/runs/35052002226/job/104655452483	
Test Slow 43	pending	0	https://github.com/antiwork/gumroad/actions/runs/35052002226/job/104655452416	
Test Slow 44	pending	0	https://github.com/antiwork/gumroad/actions/runs/35052002226/job/104655452465	
Test Minitest 1	pass	7m44s	https://github.com/antiwork/gumroad/actions/runs/35052002226/job/104654245223	
Test Slow 9	pending	0	https://github.com/antiwork/gumroad/actions/runs/35052002226/job/104655452201	
Test Slow 48	pending	0	https://github.com/antiwork/gumroad/actions/runs/35052002226/job/104655452484	
Test Slow 45	pending	0	https://github.com/antiwork/gumroad/actions/runs/35052002226/job/104655452433	
Test Slow 49	pending	0	https://github.com/antiwork/gumroad/actions/runs/35052002226/job/104655452439	
Test Slow 5	pending	0	https://github.com/antiwork/gumroad/actions/runs/35052002226/job/104655452230	
Test Slow 8	pending	0	https://github.com/antiwork/gumroad/actions/runs/35052002226/job/104655452310	
Test Slow 6	pending	0	https://github.com/antiwork/gumroad/actions/runs/35052002226/job/104655452246	
Test Slow 46	pending	0	https://github.com/antiwork/gumroad/actions/runs/35052002226/job/104655452384	
Test Slow 7	pending	0	https://github.com/antiwork/gumroad/actions/runs/35052002226/job/104655452212	
Test Relevant ${{ matrix.ci_node_index }}${{ (((github.event_name == 'pull_request_target') && (github.event.pull_request.head.repo.full_name == github.repository) && ' (internal PR noop)') || '') }}	skipping	0	https://github.com/antiwork/gumroad/actions/runs/35052002226/job/104655452496	
Compute relevant specs	skipping	0	https://github.com/antiwork/gumroad/actions/runs/35052002226/job/104654293094	
Build images	pass	5m58s	https://github.com/antiwork/gumroad/actions/runs/35052002226/job/104654245197	
Run scope	pass	6s	https://github.com/antiwork/gumroad/actions/runs/35052002226/job/104654245198	
CI Gate	pass	6s	https://github.com/antiwork/gumroad/actions/runs/35052002226/job/104654200965	
Lint Ruby	pass	1m43s	https://github.com/antiwork/gumroad/actions/runs/35052002226/job/104654245189	
Lint JS/TS	pass	6m48s	https://github.com/antiwork/gumroad/actions/runs/35052002226/job/104654245162	
Migration versions	pass	1m3s	https://github.com/antiwork/gumroad/actions/runs/35052002226/job/104654245134	
Test Slow 47	pending	0	https://github.com/antiwork/gumroad/actions/runs/35052002226/job/104655452425	
Test Minitest 0	pass	9m5s	https://github.com/antiwork/gumroad/actions/runs/35052002226/job/104654245283	
Run scope	skipping	0	https://github.com/antiwork/gumroad/actions/runs/35052003340/job/104654246637	
Compute relevant specs	skipping	0	https://github.com/antiwork/gumroad/actions/runs/35052003340/job/104654247148	
Test Minitest ${{ matrix.ci_node_index }}${{ (((github.event_name == 'pull_request_target') && (github.event.pull_request.head.repo.full_name == github.repository) && ' (internal PR noop)') || '') }}	skipping	0	https://github.com/antiwork/gumroad/actions/runs/35052003340/job/104654246950	
Typecheck TS	skipping	0	https://github.com/antiwork/gumroad/actions/runs/35052003340/job/104654247049	
Build images${{ (((github.event_name == 'pull_request_target') && (github.event.pull_request.head.repo.full_name == github.repository) && ' (internal PR noop)') || '') }}	skipping	0	https://github.com/antiwork/gumroad/actions/runs/35052003340/job/104654246406	
Unblock deployment from Buildkite	skipping	0	https://github.com/antiwork/gumroad/actions/runs/35052003340/job/104654247439	
Lint JS/TS	skipping	0	https://github.com/antiwork/gumroad/actions/runs/35052003340/job/104654246471	
Reuse full suite	skipping	0	https://github.com/antiwork/gumroad/actions/runs/35052003340/job/104654246399	
Lint Ruby	skipping	0	https://github.com/antiwork/gumroad/actions/runs/35052003340/job/104654247025	
Test Slow ${{ matrix.ci_node_index }}${{ (((github.event_name == 'pull_request_target') && (github.event.pull_request.head.repo.full_name == github.repository) && ' (internal PR noop)') || '') }}	skipping	0	https://github.com/antiwork/gumroad/actions/runs/35052003340/job/104654247056	
Test Relevant ${{ matrix.ci_node_index }}${{ (((github.event_name == 'pull_request_target') && (github.event.pull_request.head.repo.full_name == github.repository) && ' (internal PR noop)') || '') }}	skipping	0	https://github.com/antiwork/gumroad/actions/runs/35052003340/job/104654247748	
Migration versions	skipping	0	https://github.com/antiwork/gumroad/actions/runs/35052003340/job/104654246953	
Test Fast ${{ matrix.ci_node_index }}${{ (((github.event_name == 'pull_request_target') && (github.event.pull_request.head.repo.full_name == github.repository) && ' (internal PR noop)') || '') }}	skipping	0	https://github.com/antiwork/gumroad/actions/runs/35052003340/job/104654246986	
Reuse full suite	skipping	0	https://github.com/antiwork/gumroad/actions/runs/35052002226/job/104654246076	
CI Gate (internal PR noop)	pass	5s	https://github.com/antiwork/gumroad/actions/runs/35052003340/job/104654204603	
Typecheck TS	pass	2m21s	https://github.com/antiwork/gumroad/actions/runs/35052002226/job/104654245200	
buildkite/gumroad	pass	0	https://buildkite.com/gumroad-inc/gumroad/builds/23263	Build #23263 passed (8 minutes, 4 seconds)
deploy	pass	2s	https://github.com/antiwork/gumroad/actions/runs/35052002234/job/104654200726	
