[test-redis-isolation] no free Redis database block on localhost:6379 (16 databases = 0 concurrent runs); falling back to the shared databases in .env.test.
[test-redis-isolation] Concurrent runs will flush each other's keys mid-test. Start Redis with more databases (docker/docker-compose-local.yml passes --databases 64), or free a slot: a spring server holds its lease until `bin/spring stop`, so idle checkouts keep one.
sidekiq-pro is not installed
DEPRECATION WARNING: new is deprecated and will be removed from Rails 7.2 (use ActiveRecord::ConnectionAdapters::SchemaReflection instead) (called from <top (required)> at /Users/gumclaw/work/risk-stranded-buyer-recovery-fix/spec/spec_helper.rb:25)
DEPRECATION WARNING: new is deprecated and will be removed from Rails 7.2 (use ActiveRecord::ConnectionAdapters::SchemaReflection instead) (called from <top (required)> at /Users/gumclaw/work/risk-stranded-buyer-recovery-fix/spec/spec_helper.rb:25)
DEPRECATION WARNING: new is deprecated and will be removed from Rails 7.2 (use ActiveRecord::ConnectionAdapters::SchemaReflection instead) (called from Object#prepare_mysql at /Users/gumclaw/work/risk-stranded-buyer-recovery-fix/spec/spec_helper.rb:126)
warning: 299 Elasticsearch-7.17.25-f9b6b57d1d0f76e2d14291c04fb50abeb642cfbf "Elasticsearch built-in security features are not enabled. Without authentication, your cluster could be accessible to anyone. See https://www.elastic.co/guide/en/elasticsearch/reference/7.17/security-minimal-setup.html to enable security."
DEPRECATION WARNING: new is deprecated and will be removed from Rails 7.2 (use ActiveRecord::ConnectionAdapters::SchemaReflection instead) (called from Module#include at /Users/gumclaw/work/risk-stranded-buyer-recovery-fix/app/models/concerns/balance/searchable.rb:7)
warning: 299 Elasticsearch-7.17.25-f9b6b57d1d0f76e2d14291c04fb50abeb642cfbf "Elasticsearch built-in security features are not enabled. Without authentication, your cluster could be accessible to anyone. See https://www.elastic.co/guide/en/elasticsearch/reference/7.17/security-minimal-setup.html to enable security."
warning: 299 Elasticsearch-7.17.25-f9b6b57d1d0f76e2d14291c04fb50abeb642cfbf "Elasticsearch built-in security features are not enabled. Without authentication, your cluster could be accessible to anyone. See https://www.elastic.co/guide/en/elasticsearch/reference/7.17/security-minimal-setup.html to enable security."
warning: 299 Elasticsearch-7.17.25-f9b6b57d1d0f76e2d14291c04fb50abeb642cfbf "Elasticsearch built-in security features are not enabled. Without authentication, your cluster could be accessible to anyone. See https://www.elastic.co/guide/en/elasticsearch/reference/7.17/security-minimal-setup.html to enable security."
warning: 299 Elasticsearch-7.17.25-f9b6b57d1d0f76e2d14291c04fb50abeb642cfbf "Elasticsearch built-in security features are not enabled. Without authentication, your cluster could be accessible to anyone. See https://www.elastic.co/guide/en/elasticsearch/reference/7.17/security-minimal-setup.html to enable security."
warning: 299 Elasticsearch-7.17.25-f9b6b57d1d0f76e2d14291c04fb50abeb642cfbf "Elasticsearch built-in security features are not enabled. Without authentication, your cluster could be accessible to anyone. See https://www.elastic.co/guide/en/elasticsearch/reference/7.17/security-minimal-setup.html to enable security."
warning: 299 Elasticsearch-7.17.25-f9b6b57d1d0f76e2d14291c04fb50abeb642cfbf "Elasticsearch built-in security features are not enabled. Without authentication, your cluster could be accessible to anyone. See https://www.elastic.co/guide/en/elasticsearch/reference/7.17/security-minimal-setup.html to enable security."
warning: 299 Elasticsearch-7.17.25-f9b6b57d1d0f76e2d14291c04fb50abeb642cfbf "Elasticsearch built-in security features are not enabled. Without authentication, your cluster could be accessible to anyone. See https://www.elastic.co/guide/en/elasticsearch/reference/7.17/security-minimal-setup.html to enable security."
warning: 299 Elasticsearch-7.17.25-f9b6b57d1d0f76e2d14291c04fb50abeb642cfbf "Elasticsearch built-in security features are not enabled. Without authentication, your cluster could be accessible to anyone. See https://www.elastic.co/guide/en/elasticsearch/reference/7.17/security-minimal-setup.html to enable security."
warning: 299 Elasticsearch-7.17.25-f9b6b57d1d0f76e2d14291c04fb50abeb642cfbf "Elasticsearch built-in security features are not enabled. Without authentication, your cluster could be accessible to anyone. See https://www.elastic.co/guide/en/elasticsearch/reference/7.17/security-minimal-setup.html to enable security."
warning: 299 Elasticsearch-7.17.25-f9b6b57d1d0f76e2d14291c04fb50abeb642cfbf "Elasticsearch built-in security features are not enabled. Without authentication, your cluster could be accessible to anyone. See https://www.elastic.co/guide/en/elasticsearch/reference/7.17/security-minimal-setup.html to enable security."
warning: 299 Elasticsearch-7.17.25-f9b6b57d1d0f76e2d14291c04fb50abeb642cfbf "Elasticsearch built-in security features are not enabled. Without authentication, your cluster could be accessible to anyone. See https://www.elastic.co/guide/en/elasticsearch/reference/7.17/security-minimal-setup.html to enable security."
warning: 299 Elasticsearch-7.17.25-f9b6b57d1d0f76e2d14291c04fb50abeb642cfbf "Elasticsearch built-in security features are not enabled. Without authentication, your cluster could be accessible to anyone. See https://www.elastic.co/guide/en/elasticsearch/reference/7.17/security-minimal-setup.html to enable security."
warning: 299 Elasticsearch-7.17.25-f9b6b57d1d0f76e2d14291c04fb50abeb642cfbf "Elasticsearch built-in security features are not enabled. Without authentication, your cluster could be accessible to anyone. See https://www.elastic.co/guide/en/elasticsearch/reference/7.17/security-minimal-setup.html to enable security."
warning: 299 Elasticsearch-7.17.25-f9b6b57d1d0f76e2d14291c04fb50abeb642cfbf "Elasticsearch built-in security features are not enabled. Without authentication, your cluster could be accessible to anyone. See https://www.elastic.co/guide/en/elasticsearch/reference/7.17/security-minimal-setup.html to enable security."
warning: 299 Elasticsearch-7.17.25-f9b6b57d1d0f76e2d14291c04fb50abeb642cfbf "Elasticsearch built-in security features are not enabled. Without authentication, your cluster could be accessible to anyone. See https://www.elastic.co/guide/en/elasticsearch/reference/7.17/security-minimal-setup.html to enable security."
warning: 299 Elasticsearch-7.17.25-f9b6b57d1d0f76e2d14291c04fb50abeb642cfbf "Elasticsearch built-in security features are not enabled. Without authentication, your cluster could be accessible to anyone. See https://www.elastic.co/guide/en/elasticsearch/reference/7.17/security-minimal-setup.html to enable security."
warning: 299 Elasticsearch-7.17.25-f9b6b57d1d0f76e2d14291c04fb50abeb642cfbf "Elasticsearch built-in security features are not enabled. Without authentication, your cluster could be accessible to anyone. See https://www.elastic.co/guide/en/elasticsearch/reference/7.17/security-minimal-setup.html to enable security."
warning: 299 Elasticsearch-7.17.25-f9b6b57d1d0f76e2d14291c04fb50abeb642cfbf "Elasticsearch built-in security features are not enabled. Without authentication, your cluster could be accessible to anyone. See https://www.elastic.co/guide/en/elasticsearch/reference/7.17/security-minimal-setup.html to enable security."
warning: 299 Elasticsearch-7.17.25-f9b6b57d1d0f76e2d14291c04fb50abeb642cfbf "Elasticsearch built-in security features are not enabled. Without authentication, your cluster could be accessible to anyone. See https://www.elastic.co/guide/en/elasticsearch/reference/7.17/security-minimal-setup.html to enable security."
warning: 299 Elasticsearch-7.17.25-f9b6b57d1d0f76e2d14291c04fb50abeb642cfbf "Elasticsearch built-in security features are not enabled. Without authentication, your cluster could be accessible to anyone. See https://www.elastic.co/guide/en/elasticsearch/reference/7.17/security-minimal-setup.html to enable security."
warning: 299 Elasticsearch-7.17.25-f9b6b57d1d0f76e2d14291c04fb50abeb642cfbf "Elasticsearch built-in security features are not enabled. Without authentication, your cluster could be accessible to anyone. See https://www.elastic.co/guide/en/elasticsearch/reference/7.17/security-minimal-setup.html to enable security."
warning: 299 Elasticsearch-7.17.25-f9b6b57d1d0f76e2d14291c04fb50abeb642cfbf "Elasticsearch built-in security features are not enabled. Without authentication, your cluster could be accessible to anyone. See https://www.elastic.co/guide/en/elasticsearch/reference/7.17/security-minimal-setup.html to enable security."
warning: 299 Elasticsearch-7.17.25-f9b6b57d1d0f76e2d14291c04fb50abeb642cfbf "Elasticsearch built-in security features are not enabled. Without authentication, your cluster could be accessible to anyone. See https://www.elastic.co/guide/en/elasticsearch/reference/7.17/security-minimal-setup.html to enable security."
warning: 299 Elasticsearch-7.17.25-f9b6b57d1d0f76e2d14291c04fb50abeb642cfbf "Elasticsearch built-in security features are not enabled. Without authentication, your cluster could be accessible to anyone. See https://www.elastic.co/guide/en/elasticsearch/reference/7.17/security-minimal-setup.html to enable security."
warning: 299 Elasticsearch-7.17.25-f9b6b57d1d0f76e2d14291c04fb50abeb642cfbf "Elasticsearch built-in security features are not enabled. Without authentication, your cluster could be accessible to anyone. See https://www.elastic.co/guide/en/elasticsearch/reference/7.17/security-minimal-setup.html to enable security."
warning: 299 Elasticsearch-7.17.25-f9b6b57d1d0f76e2d14291c04fb50abeb642cfbf "Elasticsearch built-in security features are not enabled. Without authentication, your cluster could be accessible to anyone. See https://www.elastic.co/guide/en/elasticsearch/reference/7.17/security-minimal-setup.html to enable security."
warning: 299 Elasticsearch-7.17.25-f9b6b57d1d0f76e2d14291c04fb50abeb642cfbf "Elasticsearch built-in security features are not enabled. Without authentication, your cluster could be accessible to anyone. See https://www.elastic.co/guide/en/elasticsearch/reference/7.17/security-minimal-setup.html to enable security."
warning: 299 Elasticsearch-7.17.25-f9b6b57d1d0f76e2d14291c04fb50abeb642cfbf "Elasticsearch built-in security features are not enabled. Without authentication, your cluster could be accessible to anyone. See https://www.elastic.co/guide/en/elasticsearch/reference/7.17/security-minimal-setup.html to enable security."
warning: 299 Elasticsearch-7.17.25-f9b6b57d1d0f76e2d14291c04fb50abeb642cfbf "Elasticsearch built-in security features are not enabled. Without authentication, your cluster could be accessible to anyone. See https://www.elastic.co/guide/en/elasticsearch/reference/7.17/security-minimal-setup.html to enable security."
warning: 299 Elasticsearch-7.17.25-f9b6b57d1d0f76e2d14291c04fb50abeb642cfbf "Elasticsearch built-in security features are not enabled. Without authentication, your cluster could be accessible to anyone. See https://www.elastic.co/guide/en/elasticsearch/reference/7.17/security-minimal-setup.html to enable security."
warning: 299 Elasticsearch-7.17.25-f9b6b57d1d0f76e2d14291c04fb50abeb642cfbf "Elasticsearch built-in security features are not enabled. Without authentication, your cluster could be accessible to anyone. See https://www.elastic.co/guide/en/elasticsearch/reference/7.17/security-minimal-setup.html to enable security."
bundler: failed to load command: rspec (/Users/gumclaw/.rbenv/versions/3.4.3/bin/rspec)
