app/javascript/components/DashboardPage.tsx(366,21): error TS2339: Property 'dashboard_dismiss_gumhead_promo_path' does not exist on type 'typeof import("/private/tmp/wt_2609_astra_20260915/app/javascript/utils/routes")'.
app/javascript/components/DashboardPage.tsx(604,38): error TS2339: Property 'settings_social_connections_path' does not exist on type 'typeof import("/private/tmp/wt_2609_astra_20260915/app/javascript/utils/routes")'.
app/javascript/components/Settings/Layout.tsx(65,27): error TS7053: Element implicitly has an 'any' type because expression of type '"settings_social_connections_path" | "settings_main_path" | "settings_billing_path" | "settings_password_path" | "settings_profile_path" | "settings_payments_path" | "settings_team_path" | "settings_authorized_applications_path" | "settings_third_party_analytics_path" | "settings_advanced_path"' can't be used to index type 'typeof import("/private/tmp/wt_2609_astra_20260915/app/javascript/utils/routes")'.
  Property 'settings_social_connections_path' does not exist on type 'typeof import("/private/tmp/wt_2609_astra_20260915/app/javascript/utils/routes")'.
app/javascript/components/Settings/PaymentsPage/AccountStatusSection.tsx(193,31): error TS2339: Property 'settings_social_connections_path' does not exist on type 'typeof import("/private/tmp/wt_2609_astra_20260915/app/javascript/utils/routes")'.
app/javascript/data/installments.ts(191,17): error TS2551: Property 'internal_installment_remaining_send_path' does not exist on type 'typeof import("/private/tmp/wt_2609_astra_20260915/app/javascript/utils/routes")'. Did you mean 'internal_installment_recipient_count_path'?
app/javascript/pages/Settings/SocialConnections/Show.tsx(103,33): error TS2551: Property 'user_youtube_omniauth_authorize_path' does not exist on type 'typeof import("/private/tmp/wt_2609_astra_20260915/app/javascript/utils/routes")'. Did you mean 'user_apple_omniauth_authorize_path'?
app/javascript/pages/Settings/SocialConnections/Show.tsx(116,33): error TS2551: Property 'user_instagram_omniauth_authorize_path' does not exist on type 'typeof import("/private/tmp/wt_2609_astra_20260915/app/javascript/utils/routes")'. Did you mean 'user_twitter_omniauth_authorize_path'?
